08:49:33 **** Build of configuration Debug for project bai-2 ****
make -j4 all 
arm-none-eabi-gcc -mcpu=cortex-m4 -g3 -DDEBUG -c -x assembler-with-cpp -MMD -MP -MF"Startup/startup_stm32f401retx.d" -MT"Startup/startup_stm32f401retx.o" --specs=nano.specs -mfloat-abi=soft -mthumb -o "Startup/startup_stm32f401retx.o" "../Startup/startup_stm32f401retx.s"
arm-none-eabi-gcc "../Src/main.c" -mcpu=cortex-m4 -std=gnu11 -g3 -DDEBUG -DSTM32 -DSTM32F401RETx -DSTM32F4 -c -I../Inc -I"D:/THUC TAP LUMI/thu-vien/SDK_1.0.3_NUCLEO-F401RE/lib_stm" -I"D:/THUC TAP LUMI/thu-vien/SDK_1.0.3_NUCLEO-F401RE/shared/Drivers/CMSIS/Include" -I"D:/THUC TAP LUMI/thu-vien/SDK_1.0.3_NUCLEO-F401RE/shared/Drivers/STM32F401RE_StdPeriph_Driver/inc" -I"D:/THUC TAP LUMI/thu-vien/SDK_1.0.3_NUCLEO-F401RE/shared/Middle/button" -I"D:/THUC TAP LUMI/thu-vien/SDK_1.0.3_NUCLEO-F401RE/shared/Middle/buzzer" -I"D:/THUC TAP LUMI/thu-vien/SDK_1.0.3_NUCLEO-F401RE/shared/Middle/led" -I"D:/THUC TAP LUMI/thu-vien/SDK_1.0.3_NUCLEO-F401RE/shared/Middle/rtos" -I"D:/THUC TAP LUMI/thu-vien/SDK_1.0.3_NUCLEO-F401RE/shared/Middle/sensor" -I"D:/THUC TAP LUMI/thu-vien/SDK_1.0.3_NUCLEO-F401RE/shared/Middle/serial" -I"D:/THUC TAP LUMI/thu-vien/SDK_1.0.3_NUCLEO-F401RE/shared/Middle/ucglib" -I"D:/THUC TAP LUMI/thu-vien/SDK_1.0.3_NUCLEO-F401RE/shared/Utilities" -I"D:/THUC TAP LUMI/thu-vien/SDK_1.0.3_NUCLEO-F401RE/shared/utils" -O0 -ffunction-sections -fdata-sections -Wall -fstack-usage -MMD -MP -MF"Src/main.d" -MT"Src/main.o" --specs=nano.specs -mfloat-abi=soft -mthumb -o "Src/main.o"
arm-none-eabi-gcc "../Src/syscalls.c" -mcpu=cortex-m4 -std=gnu11 -g3 -DDEBUG -DSTM32 -DSTM32F401RETx -DSTM32F4 -c -I../Inc -I"D:/THUC TAP LUMI/thu-vien/SDK_1.0.3_NUCLEO-F401RE/lib_stm" -I"D:/THUC TAP LUMI/thu-vien/SDK_1.0.3_NUCLEO-F401RE/shared/Drivers/CMSIS/Include" -I"D:/THUC TAP LUMI/thu-vien/SDK_1.0.3_NUCLEO-F401RE/shared/Drivers/STM32F401RE_StdPeriph_Driver/inc" -I"D:/THUC TAP LUMI/thu-vien/SDK_1.0.3_NUCLEO-F401RE/shared/Middle/button" -I"D:/THUC TAP LUMI/thu-vien/SDK_1.0.3_NUCLEO-F401RE/shared/Middle/buzzer" -I"D:/THUC TAP LUMI/thu-vien/SDK_1.0.3_NUCLEO-F401RE/shared/Middle/led" -I"D:/THUC TAP LUMI/thu-vien/SDK_1.0.3_NUCLEO-F401RE/shared/Middle/rtos" -I"D:/THUC TAP LUMI/thu-vien/SDK_1.0.3_NUCLEO-F401RE/shared/Middle/sensor" -I"D:/THUC TAP LUMI/thu-vien/SDK_1.0.3_NUCLEO-F401RE/shared/Middle/serial" -I"D:/THUC TAP LUMI/thu-vien/SDK_1.0.3_NUCLEO-F401RE/shared/Middle/ucglib" -I"D:/THUC TAP LUMI/thu-vien/SDK_1.0.3_NUCLEO-F401RE/shared/Utilities" -I"D:/THUC TAP LUMI/thu-vien/SDK_1.0.3_NUCLEO-F401RE/shared/utils" -O0 -ffunction-sections -fdata-sections -Wall -fstack-usage -MMD -MP -MF"Src/syscalls.d" -MT"Src/syscalls.o" --specs=nano.specs -mfloat-abi=soft -mthumb -o "Src/syscalls.o"
arm-none-eabi-gcc "../Src/sysmem.c" -mcpu=cortex-m4 -std=gnu11 -g3 -DDEBUG -DSTM32 -DSTM32F401RETx -DSTM32F4 -c -I../Inc -I"D:/THUC TAP LUMI/thu-vien/SDK_1.0.3_NUCLEO-F401RE/lib_stm" -I"D:/THUC TAP LUMI/thu-vien/SDK_1.0.3_NUCLEO-F401RE/shared/Drivers/CMSIS/Include" -I"D:/THUC TAP LUMI/thu-vien/SDK_1.0.3_NUCLEO-F401RE/shared/Drivers/STM32F401RE_StdPeriph_Driver/inc" -I"D:/THUC TAP LUMI/thu-vien/SDK_1.0.3_NUCLEO-F401RE/shared/Middle/button" -I"D:/THUC TAP LUMI/thu-vien/SDK_1.0.3_NUCLEO-F401RE/shared/Middle/buzzer" -I"D:/THUC TAP LUMI/thu-vien/SDK_1.0.3_NUCLEO-F401RE/shared/Middle/led" -I"D:/THUC TAP LUMI/thu-vien/SDK_1.0.3_NUCLEO-F401RE/shared/Middle/rtos" -I"D:/THUC TAP LUMI/thu-vien/SDK_1.0.3_NUCLEO-F401RE/shared/Middle/sensor" -I"D:/THUC TAP LUMI/thu-vien/SDK_1.0.3_NUCLEO-F401RE/shared/Middle/serial" -I"D:/THUC TAP LUMI/thu-vien/SDK_1.0.3_NUCLEO-F401RE/shared/Middle/ucglib" -I"D:/THUC TAP LUMI/thu-vien/SDK_1.0.3_NUCLEO-F401RE/shared/Utilities" -I"D:/THUC TAP LUMI/thu-vien/SDK_1.0.3_NUCLEO-F401RE/shared/utils" -O0 -ffunction-sections -fdata-sections -Wall -fstack-usage -MMD -MP -MF"Src/sysmem.d" -MT"Src/sysmem.o" --specs=nano.specs -mfloat-abi=soft -mthumb -o "Src/sysmem.o"
arm-none-eabi-gcc "D:/THUC TAP LUMI/thu-vien/SDK_1.0.3_NUCLEO-F401RE/shared/Utilities/buff.c" -mcpu=cortex-m4 -std=gnu11 -g3 -DDEBUG -DSTM32 -DSTM32F401RETx -DSTM32F4 -c -I../Inc -I"D:/THUC TAP LUMI/thu-vien/SDK_1.0.3_NUCLEO-F401RE/lib_stm" -I"D:/THUC TAP LUMI/thu-vien/SDK_1.0.3_NUCLEO-F401RE/shared/Drivers/CMSIS/Include" -I"D:/THUC TAP LUMI/thu-vien/SDK_1.0.3_NUCLEO-F401RE/shared/Drivers/STM32F401RE_StdPeriph_Driver/inc" -I"D:/THUC TAP LUMI/thu-vien/SDK_1.0.3_NUCLEO-F401RE/shared/Middle/button" -I"D:/THUC TAP LUMI/thu-vien/SDK_1.0.3_NUCLEO-F401RE/shared/Middle/buzzer" -I"D:/THUC TAP LUMI/thu-vien/SDK_1.0.3_NUCLEO-F401RE/shared/Middle/led" -I"D:/THUC TAP LUMI/thu-vien/SDK_1.0.3_NUCLEO-F401RE/shared/Middle/rtos" -I"D:/THUC TAP LUMI/thu-vien/SDK_1.0.3_NUCLEO-F401RE/shared/Middle/sensor" -I"D:/THUC TAP LUMI/thu-vien/SDK_1.0.3_NUCLEO-F401RE/shared/Middle/serial" -I"D:/THUC TAP LUMI/thu-vien/SDK_1.0.3_NUCLEO-F401RE/shared/Middle/ucglib" -I"D:/THUC TAP LUMI/thu-vien/SDK_1.0.3_NUCLEO-F401RE/shared/Utilities" -I"D:/THUC TAP LUMI/thu-vien/SDK_1.0.3_NUCLEO-F401RE/shared/utils" -O0 -ffunction-sections -fdata-sections -Wall -fstack-usage -MMD -MP -MF"SDK_1.0.3_NUCLEO-F401RE/shared/Utilities/buff.d" -MT"SDK_1.0.3_NUCLEO-F401RE/shared/Utilities/buff.o" --specs=nano.specs -mfloat-abi=soft -mthumb -o "SDK_1.0.3_NUCLEO-F401RE/shared/Utilities/buff.o"
arm-none-eabi-gcc "D:/THUC TAP LUMI/thu-vien/SDK_1.0.3_NUCLEO-F401RE/shared/Utilities/utilities.c" -mcpu=cortex-m4 -std=gnu11 -g3 -DDEBUG -DSTM32 -DSTM32F401RETx -DSTM32F4 -c -I../Inc -I"D:/THUC TAP LUMI/thu-vien/SDK_1.0.3_NUCLEO-F401RE/lib_stm" -I"D:/THUC TAP LUMI/thu-vien/SDK_1.0.3_NUCLEO-F401RE/shared/Drivers/CMSIS/Include" -I"D:/THUC TAP LUMI/thu-vien/SDK_1.0.3_NUCLEO-F401RE/shared/Drivers/STM32F401RE_StdPeriph_Driver/inc" -I"D:/THUC TAP LUMI/thu-vien/SDK_1.0.3_NUCLEO-F401RE/shared/Middle/button" -I"D:/THUC TAP LUMI/thu-vien/SDK_1.0.3_NUCLEO-F401RE/shared/Middle/buzzer" -I"D:/THUC TAP LUMI/thu-vien/SDK_1.0.3_NUCLEO-F401RE/shared/Middle/led" -I"D:/THUC TAP LUMI/thu-vien/SDK_1.0.3_NUCLEO-F401RE/shared/Middle/rtos" -I"D:/THUC TAP LUMI/thu-vien/SDK_1.0.3_NUCLEO-F401RE/shared/Middle/sensor" -I"D:/THUC TAP LUMI/thu-vien/SDK_1.0.3_NUCLEO-F401RE/shared/Middle/serial" -I"D:/THUC TAP LUMI/thu-vien/SDK_1.0.3_NUCLEO-F401RE/shared/Middle/ucglib" -I"D:/THUC TAP LUMI/thu-vien/SDK_1.0.3_NUCLEO-F401RE/shared/Utilities" -I"D:/THUC TAP LUMI/thu-vien/SDK_1.0.3_NUCLEO-F401RE/shared/utils" -O0 -ffunction-sections -fdata-sections -Wall -fstack-usage -MMD -MP -MF"SDK_1.0.3_NUCLEO-F401RE/shared/Utilities/utilities.d" -MT"SDK_1.0.3_NUCLEO-F401RE/shared/Utilities/utilities.o" --specs=nano.specs -mfloat-abi=soft -mthumb -o "SDK_1.0.3_NUCLEO-F401RE/shared/Utilities/utilities.o"
arm-none-eabi-gcc "D:/THUC TAP LUMI/thu-vien/SDK_1.0.3_NUCLEO-F401RE/shared/Middle/ucglib/Ucglib.c" -mcpu=cortex-m4 -std=gnu11 -g3 -DDEBUG -DSTM32 -DSTM32F401RETx -DSTM32F4 -c -I../Inc -I"D:/THUC TAP LUMI/thu-vien/SDK_1.0.3_NUCLEO-F401RE/lib_stm" -I"D:/THUC TAP LUMI/thu-vien/SDK_1.0.3_NUCLEO-F401RE/shared/Drivers/CMSIS/Include" -I"D:/THUC TAP LUMI/thu-vien/SDK_1.0.3_NUCLEO-F401RE/shared/Drivers/STM32F401RE_StdPeriph_Driver/inc" -I"D:/THUC TAP LUMI/thu-vien/SDK_1.0.3_NUCLEO-F401RE/shared/Middle/button" -I"D:/THUC TAP LUMI/thu-vien/SDK_1.0.3_NUCLEO-F401RE/shared/Middle/buzzer" -I"D:/THUC TAP LUMI/thu-vien/SDK_1.0.3_NUCLEO-F401RE/shared/Middle/led" -I"D:/THUC TAP LUMI/thu-vien/SDK_1.0.3_NUCLEO-F401RE/shared/Middle/rtos" -I"D:/THUC TAP LUMI/thu-vien/SDK_1.0.3_NUCLEO-F401RE/shared/Middle/sensor" -I"D:/THUC TAP LUMI/thu-vien/SDK_1.0.3_NUCLEO-F401RE/shared/Middle/serial" -I"D:/THUC TAP LUMI/thu-vien/SDK_1.0.3_NUCLEO-F401RE/shared/Middle/ucglib" -I"D:/THUC TAP LUMI/thu-vien/SDK_1.0.3_NUCLEO-F401RE/shared/Utilities" -I"D:/THUC TAP LUMI/thu-vien/SDK_1.0.3_NUCLEO-F401RE/shared/utils" -O0 -ffunction-sections -fdata-sections -Wall -fstack-usage -MMD -MP -MF"SDK_1.0.3_NUCLEO-F401RE/shared/Middle/ucglib/Ucglib.d" -MT"SDK_1.0.3_NUCLEO-F401RE/shared/Middle/ucglib/Ucglib.o" --specs=nano.specs -mfloat-abi=soft -mthumb -o "SDK_1.0.3_NUCLEO-F401RE/shared/Middle/ucglib/Ucglib.o"
arm-none-eabi-gcc "D:/THUC TAP LUMI/thu-vien/SDK_1.0.3_NUCLEO-F401RE/shared/Middle/ucglib/ucg_bitmap.c" -mcpu=cortex-m4 -std=gnu11 -g3 -DDEBUG -DSTM32 -DSTM32F401RETx -DSTM32F4 -c -I../Inc -I"D:/THUC TAP LUMI/thu-vien/SDK_1.0.3_NUCLEO-F401RE/lib_stm" -I"D:/THUC TAP LUMI/thu-vien/SDK_1.0.3_NUCLEO-F401RE/shared/Drivers/CMSIS/Include" -I"D:/THUC TAP LUMI/thu-vien/SDK_1.0.3_NUCLEO-F401RE/shared/Drivers/STM32F401RE_StdPeriph_Driver/inc" -I"D:/THUC TAP LUMI/thu-vien/SDK_1.0.3_NUCLEO-F401RE/shared/Middle/button" -I"D:/THUC TAP LUMI/thu-vien/SDK_1.0.3_NUCLEO-F401RE/shared/Middle/buzzer" -I"D:/THUC TAP LUMI/thu-vien/SDK_1.0.3_NUCLEO-F401RE/shared/Middle/led" -I"D:/THUC TAP LUMI/thu-vien/SDK_1.0.3_NUCLEO-F401RE/shared/Middle/rtos" -I"D:/THUC TAP LUMI/thu-vien/SDK_1.0.3_NUCLEO-F401RE/shared/Middle/sensor" -I"D:/THUC TAP LUMI/thu-vien/SDK_1.0.3_NUCLEO-F401RE/shared/Middle/serial" -I"D:/THUC TAP LUMI/thu-vien/SDK_1.0.3_NUCLEO-F401RE/shared/Middle/ucglib" -I"D:/THUC TAP LUMI/thu-vien/SDK_1.0.3_NUCLEO-F401RE/shared/Utilities" -I"D:/THUC TAP LUMI/thu-vien/SDK_1.0.3_NUCLEO-F401RE/shared/utils" -O0 -ffunction-sections -fdata-sections -Wall -fstack-usage -MMD -MP -MF"SDK_1.0.3_NUCLEO-F401RE/shared/Middle/ucglib/ucg_bitmap.d" -MT"SDK_1.0.3_NUCLEO-F401RE/shared/Middle/ucglib/ucg_bitmap.o" --specs=nano.specs -mfloat-abi=soft -mthumb -o "SDK_1.0.3_NUCLEO-F401RE/shared/Middle/ucglib/ucg_bitmap.o"
arm-none-eabi-gcc "D:/THUC TAP LUMI/thu-vien/SDK_1.0.3_NUCLEO-F401RE/shared/Middle/ucglib/ucg_box.c" -mcpu=cortex-m4 -std=gnu11 -g3 -DDEBUG -DSTM32 -DSTM32F401RETx -DSTM32F4 -c -I../Inc -I"D:/THUC TAP LUMI/thu-vien/SDK_1.0.3_NUCLEO-F401RE/lib_stm" -I"D:/THUC TAP LUMI/thu-vien/SDK_1.0.3_NUCLEO-F401RE/shared/Drivers/CMSIS/Include" -I"D:/THUC TAP LUMI/thu-vien/SDK_1.0.3_NUCLEO-F401RE/shared/Drivers/STM32F401RE_StdPeriph_Driver/inc" -I"D:/THUC TAP LUMI/thu-vien/SDK_1.0.3_NUCLEO-F401RE/shared/Middle/button" -I"D:/THUC TAP LUMI/thu-vien/SDK_1.0.3_NUCLEO-F401RE/shared/Middle/buzzer" -I"D:/THUC TAP LUMI/thu-vien/SDK_1.0.3_NUCLEO-F401RE/shared/Middle/led" -I"D:/THUC TAP LUMI/thu-vien/SDK_1.0.3_NUCLEO-F401RE/shared/Middle/rtos" -I"D:/THUC TAP LUMI/thu-vien/SDK_1.0.3_NUCLEO-F401RE/shared/Middle/sensor" -I"D:/THUC TAP LUMI/thu-vien/SDK_1.0.3_NUCLEO-F401RE/shared/Middle/serial" -I"D:/THUC TAP LUMI/thu-vien/SDK_1.0.3_NUCLEO-F401RE/shared/Middle/ucglib" -I"D:/THUC TAP LUMI/thu-vien/SDK_1.0.3_NUCLEO-F401RE/shared/Utilities" -I"D:/THUC TAP LUMI/thu-vien/SDK_1.0.3_NUCLEO-F401RE/shared/utils" -O0 -ffunction-sections -fdata-sections -Wall -fstack-usage -MMD -MP -MF"SDK_1.0.3_NUCLEO-F401RE/shared/Middle/ucglib/ucg_box.d" -MT"SDK_1.0.3_NUCLEO-F401RE/shared/Middle/ucglib/ucg_box.o" --specs=nano.specs -mfloat-abi=soft -mthumb -o "SDK_1.0.3_NUCLEO-F401RE/shared/Middle/ucglib/ucg_box.o"
arm-none-eabi-gcc "D:/THUC TAP LUMI/thu-vien/SDK_1.0.3_NUCLEO-F401RE/shared/Middle/ucglib/ucg_ccs.c" -mcpu=cortex-m4 -std=gnu11 -g3 -DDEBUG -DSTM32 -DSTM32F401RETx -DSTM32F4 -c -I../Inc -I"D:/THUC TAP LUMI/thu-vien/SDK_1.0.3_NUCLEO-F401RE/lib_stm" -I"D:/THUC TAP LUMI/thu-vien/SDK_1.0.3_NUCLEO-F401RE/shared/Drivers/CMSIS/Include" -I"D:/THUC TAP LUMI/thu-vien/SDK_1.0.3_NUCLEO-F401RE/shared/Drivers/STM32F401RE_StdPeriph_Driver/inc" -I"D:/THUC TAP LUMI/thu-vien/SDK_1.0.3_NUCLEO-F401RE/shared/Middle/button" -I"D:/THUC TAP LUMI/thu-vien/SDK_1.0.3_NUCLEO-F401RE/shared/Middle/buzzer" -I"D:/THUC TAP LUMI/thu-vien/SDK_1.0.3_NUCLEO-F401RE/shared/Middle/led" -I"D:/THUC TAP LUMI/thu-vien/SDK_1.0.3_NUCLEO-F401RE/shared/Middle/rtos" -I"D:/THUC TAP LUMI/thu-vien/SDK_1.0.3_NUCLEO-F401RE/shared/Middle/sensor" -I"D:/THUC TAP LUMI/thu-vien/SDK_1.0.3_NUCLEO-F401RE/shared/Middle/serial" -I"D:/THUC TAP LUMI/thu-vien/SDK_1.0.3_NUCLEO-F401RE/shared/Middle/ucglib" -I"D:/THUC TAP LUMI/thu-vien/SDK_1.0.3_NUCLEO-F401RE/shared/Utilities" -I"D:/THUC TAP LUMI/thu-vien/SDK_1.0.3_NUCLEO-F401RE/shared/utils" -O0 -ffunction-sections -fdata-sections -Wall -fstack-usage -MMD -MP -MF"SDK_1.0.3_NUCLEO-F401RE/shared/Middle/ucglib/ucg_ccs.d" -MT"SDK_1.0.3_NUCLEO-F401RE/shared/Middle/ucglib/ucg_ccs.o" --specs=nano.specs -mfloat-abi=soft -mthumb -o "SDK_1.0.3_NUCLEO-F401RE/shared/Middle/ucglib/ucg_ccs.o"
arm-none-eabi-gcc "D:/THUC TAP LUMI/thu-vien/SDK_1.0.3_NUCLEO-F401RE/shared/Middle/ucglib/ucg_circle.c" -mcpu=cortex-m4 -std=gnu11 -g3 -DDEBUG -DSTM32 -DSTM32F401RETx -DSTM32F4 -c -I../Inc -I"D:/THUC TAP LUMI/thu-vien/SDK_1.0.3_NUCLEO-F401RE/lib_stm" -I"D:/THUC TAP LUMI/thu-vien/SDK_1.0.3_NUCLEO-F401RE/shared/Drivers/CMSIS/Include" -I"D:/THUC TAP LUMI/thu-vien/SDK_1.0.3_NUCLEO-F401RE/shared/Drivers/STM32F401RE_StdPeriph_Driver/inc" -I"D:/THUC TAP LUMI/thu-vien/SDK_1.0.3_NUCLEO-F401RE/shared/Middle/button" -I"D:/THUC TAP LUMI/thu-vien/SDK_1.0.3_NUCLEO-F401RE/shared/Middle/buzzer" -I"D:/THUC TAP LUMI/thu-vien/SDK_1.0.3_NUCLEO-F401RE/shared/Middle/led" -I"D:/THUC TAP LUMI/thu-vien/SDK_1.0.3_NUCLEO-F401RE/shared/Middle/rtos" -I"D:/THUC TAP LUMI/thu-vien/SDK_1.0.3_NUCLEO-F401RE/shared/Middle/sensor" -I"D:/THUC TAP LUMI/thu-vien/SDK_1.0.3_NUCLEO-F401RE/shared/Middle/serial" -I"D:/THUC TAP LUMI/thu-vien/SDK_1.0.3_NUCLEO-F401RE/shared/Middle/ucglib" -I"D:/THUC TAP LUMI/thu-vien/SDK_1.0.3_NUCLEO-F401RE/shared/Utilities" -I"D:/THUC TAP LUMI/thu-vien/SDK_1.0.3_NUCLEO-F401RE/shared/utils" -O0 -ffunction-sections -fdata-sections -Wall -fstack-usage -MMD -MP -MF"SDK_1.0.3_NUCLEO-F401RE/shared/Middle/ucglib/ucg_circle.d" -MT"SDK_1.0.3_NUCLEO-F401RE/shared/Middle/ucglib/ucg_circle.o" --specs=nano.specs -mfloat-abi=soft -mthumb -o "SDK_1.0.3_NUCLEO-F401RE/shared/Middle/ucglib/ucg_circle.o"
arm-none-eabi-gcc "D:/THUC TAP LUMI/thu-vien/SDK_1.0.3_NUCLEO-F401RE/shared/Middle/ucglib/ucg_clip.c" -mcpu=cortex-m4 -std=gnu11 -g3 -DDEBUG -DSTM32 -DSTM32F401RETx -DSTM32F4 -c -I../Inc -I"D:/THUC TAP LUMI/thu-vien/SDK_1.0.3_NUCLEO-F401RE/lib_stm" -I"D:/THUC TAP LUMI/thu-vien/SDK_1.0.3_NUCLEO-F401RE/shared/Drivers/CMSIS/Include" -I"D:/THUC TAP LUMI/thu-vien/SDK_1.0.3_NUCLEO-F401RE/shared/Drivers/STM32F401RE_StdPeriph_Driver/inc" -I"D:/THUC TAP LUMI/thu-vien/SDK_1.0.3_NUCLEO-F401RE/shared/Middle/button" -I"D:/THUC TAP LUMI/thu-vien/SDK_1.0.3_NUCLEO-F401RE/shared/Middle/buzzer" -I"D:/THUC TAP LUMI/thu-vien/SDK_1.0.3_NUCLEO-F401RE/shared/Middle/led" -I"D:/THUC TAP LUMI/thu-vien/SDK_1.0.3_NUCLEO-F401RE/shared/Middle/rtos" -I"D:/THUC TAP LUMI/thu-vien/SDK_1.0.3_NUCLEO-F401RE/shared/Middle/sensor" -I"D:/THUC TAP LUMI/thu-vien/SDK_1.0.3_NUCLEO-F401RE/shared/Middle/serial" -I"D:/THUC TAP LUMI/thu-vien/SDK_1.0.3_NUCLEO-F401RE/shared/Middle/ucglib" -I"D:/THUC TAP LUMI/thu-vien/SDK_1.0.3_NUCLEO-F401RE/shared/Utilities" -I"D:/THUC TAP LUMI/thu-vien/SDK_1.0.3_NUCLEO-F401RE/shared/utils" -O0 -ffunction-sections -fdata-sections -Wall -fstack-usage -MMD -MP -MF"SDK_1.0.3_NUCLEO-F401RE/shared/Middle/ucglib/ucg_clip.d" -MT"SDK_1.0.3_NUCLEO-F401RE/shared/Middle/ucglib/ucg_clip.o" --specs=nano.specs -mfloat-abi=soft -mthumb -o "SDK_1.0.3_NUCLEO-F401RE/shared/Middle/ucglib/ucg_clip.o"
arm-none-eabi-gcc "D:/THUC TAP LUMI/thu-vien/SDK_1.0.3_NUCLEO-F401RE/shared/Middle/ucglib/ucg_com_msg_api.c" -mcpu=cortex-m4 -std=gnu11 -g3 -DDEBUG -DSTM32 -DSTM32F401RETx -DSTM32F4 -c -I../Inc -I"D:/THUC TAP LUMI/thu-vien/SDK_1.0.3_NUCLEO-F401RE/lib_stm" -I"D:/THUC TAP LUMI/thu-vien/SDK_1.0.3_NUCLEO-F401RE/shared/Drivers/CMSIS/Include" -I"D:/THUC TAP LUMI/thu-vien/SDK_1.0.3_NUCLEO-F401RE/shared/Drivers/STM32F401RE_StdPeriph_Driver/inc" -I"D:/THUC TAP LUMI/thu-vien/SDK_1.0.3_NUCLEO-F401RE/shared/Middle/button" -I"D:/THUC TAP LUMI/thu-vien/SDK_1.0.3_NUCLEO-F401RE/shared/Middle/buzzer" -I"D:/THUC TAP LUMI/thu-vien/SDK_1.0.3_NUCLEO-F401RE/shared/Middle/led" -I"D:/THUC TAP LUMI/thu-vien/SDK_1.0.3_NUCLEO-F401RE/shared/Middle/rtos" -I"D:/THUC TAP LUMI/thu-vien/SDK_1.0.3_NUCLEO-F401RE/shared/Middle/sensor" -I"D:/THUC TAP LUMI/thu-vien/SDK_1.0.3_NUCLEO-F401RE/shared/Middle/serial" -I"D:/THUC TAP LUMI/thu-vien/SDK_1.0.3_NUCLEO-F401RE/shared/Middle/ucglib" -I"D:/THUC TAP LUMI/thu-vien/SDK_1.0.3_NUCLEO-F401RE/shared/Utilities" -I"D:/THUC TAP LUMI/thu-vien/SDK_1.0.3_NUCLEO-F401RE/shared/utils" -O0 -ffunction-sections -fdata-sections -Wall -fstack-usage -MMD -MP -MF"SDK_1.0.3_NUCLEO-F401RE/shared/Middle/ucglib/ucg_com_msg_api.d" -MT"SDK_1.0.3_NUCLEO-F401RE/shared/Middle/ucglib/ucg_com_msg_api.o" --specs=nano.specs -mfloat-abi=soft -mthumb -o "SDK_1.0.3_NUCLEO-F401RE/shared/Middle/ucglib/ucg_com_msg_api.o"
arm-none-eabi-gcc "D:/THUC TAP LUMI/thu-vien/SDK_1.0.3_NUCLEO-F401RE/shared/Middle/ucglib/ucg_dev_default_cb.c" -mcpu=cortex-m4 -std=gnu11 -g3 -DDEBUG -DSTM32 -DSTM32F401RETx -DSTM32F4 -c -I../Inc -I"D:/THUC TAP LUMI/thu-vien/SDK_1.0.3_NUCLEO-F401RE/lib_stm" -I"D:/THUC TAP LUMI/thu-vien/SDK_1.0.3_NUCLEO-F401RE/shared/Drivers/CMSIS/Include" -I"D:/THUC TAP LUMI/thu-vien/SDK_1.0.3_NUCLEO-F401RE/shared/Drivers/STM32F401RE_StdPeriph_Driver/inc" -I"D:/THUC TAP LUMI/thu-vien/SDK_1.0.3_NUCLEO-F401RE/shared/Middle/button" -I"D:/THUC TAP LUMI/thu-vien/SDK_1.0.3_NUCLEO-F401RE/shared/Middle/buzzer" -I"D:/THUC TAP LUMI/thu-vien/SDK_1.0.3_NUCLEO-F401RE/shared/Middle/led" -I"D:/THUC TAP LUMI/thu-vien/SDK_1.0.3_NUCLEO-F401RE/shared/Middle/rtos" -I"D:/THUC TAP LUMI/thu-vien/SDK_1.0.3_NUCLEO-F401RE/shared/Middle/sensor" -I"D:/THUC TAP LUMI/thu-vien/SDK_1.0.3_NUCLEO-F401RE/shared/Middle/serial" -I"D:/THUC TAP LUMI/thu-vien/SDK_1.0.3_NUCLEO-F401RE/shared/Middle/ucglib" -I"D:/THUC TAP LUMI/thu-vien/SDK_1.0.3_NUCLEO-F401RE/shared/Utilities" -I"D:/THUC TAP LUMI/thu-vien/SDK_1.0.3_NUCLEO-F401RE/shared/utils" -O0 -ffunction-sections -fdata-sections -Wall -fstack-usage -MMD -MP -MF"SDK_1.0.3_NUCLEO-F401RE/shared/Middle/ucglib/ucg_dev_default_cb.d" -MT"SDK_1.0.3_NUCLEO-F401RE/shared/Middle/ucglib/ucg_dev_default_cb.o" --specs=nano.specs -mfloat-abi=soft -mthumb -o "SDK_1.0.3_NUCLEO-F401RE/shared/Middle/ucglib/ucg_dev_default_cb.o"
arm-none-eabi-gcc "D:/THUC TAP LUMI/thu-vien/SDK_1.0.3_NUCLEO-F401RE/shared/Middle/ucglib/ucg_dev_ic_st7735.c" -mcpu=cortex-m4 -std=gnu11 -g3 -DDEBUG -DSTM32 -DSTM32F401RETx -DSTM32F4 -c -I../Inc -I"D:/THUC TAP LUMI/thu-vien/SDK_1.0.3_NUCLEO-F401RE/lib_stm" -I"D:/THUC TAP LUMI/thu-vien/SDK_1.0.3_NUCLEO-F401RE/shared/Drivers/CMSIS/Include" -I"D:/THUC TAP LUMI/thu-vien/SDK_1.0.3_NUCLEO-F401RE/shared/Drivers/STM32F401RE_StdPeriph_Driver/inc" -I"D:/THUC TAP LUMI/thu-vien/SDK_1.0.3_NUCLEO-F401RE/shared/Middle/button" -I"D:/THUC TAP LUMI/thu-vien/SDK_1.0.3_NUCLEO-F401RE/shared/Middle/buzzer" -I"D:/THUC TAP LUMI/thu-vien/SDK_1.0.3_NUCLEO-F401RE/shared/Middle/led" -I"D:/THUC TAP LUMI/thu-vien/SDK_1.0.3_NUCLEO-F401RE/shared/Middle/rtos" -I"D:/THUC TAP LUMI/thu-vien/SDK_1.0.3_NUCLEO-F401RE/shared/Middle/sensor" -I"D:/THUC TAP LUMI/thu-vien/SDK_1.0.3_NUCLEO-F401RE/shared/Middle/serial" -I"D:/THUC TAP LUMI/thu-vien/SDK_1.0.3_NUCLEO-F401RE/shared/Middle/ucglib" -I"D:/THUC TAP LUMI/thu-vien/SDK_1.0.3_NUCLEO-F401RE/shared/Utilities" -I"D:/THUC TAP LUMI/thu-vien/SDK_1.0.3_NUCLEO-F401RE/shared/utils" -O0 -ffunction-sections -fdata-sections -Wall -fstack-usage -MMD -MP -MF"SDK_1.0.3_NUCLEO-F401RE/shared/Middle/ucglib/ucg_dev_ic_st7735.d" -MT"SDK_1.0.3_NUCLEO-F401RE/shared/Middle/ucglib/ucg_dev_ic_st7735.o" --specs=nano.specs -mfloat-abi=soft -mthumb -o "SDK_1.0.3_NUCLEO-F401RE/shared/Middle/ucglib/ucg_dev_ic_st7735.o"
arm-none-eabi-gcc "D:/THUC TAP LUMI/thu-vien/SDK_1.0.3_NUCLEO-F401RE/shared/Middle/ucglib/ucg_dev_msg_api.c" -mcpu=cortex-m4 -std=gnu11 -g3 -DDEBUG -DSTM32 -DSTM32F401RETx -DSTM32F4 -c -I../Inc -I"D:/THUC TAP LUMI/thu-vien/SDK_1.0.3_NUCLEO-F401RE/lib_stm" -I"D:/THUC TAP LUMI/thu-vien/SDK_1.0.3_NUCLEO-F401RE/shared/Drivers/CMSIS/Include" -I"D:/THUC TAP LUMI/thu-vien/SDK_1.0.3_NUCLEO-F401RE/shared/Drivers/STM32F401RE_StdPeriph_Driver/inc" -I"D:/THUC TAP LUMI/thu-vien/SDK_1.0.3_NUCLEO-F401RE/shared/Middle/button" -I"D:/THUC TAP LUMI/thu-vien/SDK_1.0.3_NUCLEO-F401RE/shared/Middle/buzzer" -I"D:/THUC TAP LUMI/thu-vien/SDK_1.0.3_NUCLEO-F401RE/shared/Middle/led" -I"D:/THUC TAP LUMI/thu-vien/SDK_1.0.3_NUCLEO-F401RE/shared/Middle/rtos" -I"D:/THUC TAP LUMI/thu-vien/SDK_1.0.3_NUCLEO-F401RE/shared/Middle/sensor" -I"D:/THUC TAP LUMI/thu-vien/SDK_1.0.3_NUCLEO-F401RE/shared/Middle/serial" -I"D:/THUC TAP LUMI/thu-vien/SDK_1.0.3_NUCLEO-F401RE/shared/Middle/ucglib" -I"D:/THUC TAP LUMI/thu-vien/SDK_1.0.3_NUCLEO-F401RE/shared/Utilities" -I"D:/THUC TAP LUMI/thu-vien/SDK_1.0.3_NUCLEO-F401RE/shared/utils" -O0 -ffunction-sections -fdata-sections -Wall -fstack-usage -MMD -MP -MF"SDK_1.0.3_NUCLEO-F401RE/shared/Middle/ucglib/ucg_dev_msg_api.d" -MT"SDK_1.0.3_NUCLEO-F401RE/shared/Middle/ucglib/ucg_dev_msg_api.o" --specs=nano.specs -mfloat-abi=soft -mthumb -o "SDK_1.0.3_NUCLEO-F401RE/shared/Middle/ucglib/ucg_dev_msg_api.o"
arm-none-eabi-gcc "D:/THUC TAP LUMI/thu-vien/SDK_1.0.3_NUCLEO-F401RE/shared/Middle/ucglib/ucg_dev_tft_128x128_st7735.c" -mcpu=cortex-m4 -std=gnu11 -g3 -DDEBUG -DSTM32 -DSTM32F401RETx -DSTM32F4 -c -I../Inc -I"D:/THUC TAP LUMI/thu-vien/SDK_1.0.3_NUCLEO-F401RE/lib_stm" -I"D:/THUC TAP LUMI/thu-vien/SDK_1.0.3_NUCLEO-F401RE/shared/Drivers/CMSIS/Include" -I"D:/THUC TAP LUMI/thu-vien/SDK_1.0.3_NUCLEO-F401RE/shared/Drivers/STM32F401RE_StdPeriph_Driver/inc" -I"D:/THUC TAP LUMI/thu-vien/SDK_1.0.3_NUCLEO-F401RE/shared/Middle/button" -I"D:/THUC TAP LUMI/thu-vien/SDK_1.0.3_NUCLEO-F401RE/shared/Middle/buzzer" -I"D:/THUC TAP LUMI/thu-vien/SDK_1.0.3_NUCLEO-F401RE/shared/Middle/led" -I"D:/THUC TAP LUMI/thu-vien/SDK_1.0.3_NUCLEO-F401RE/shared/Middle/rtos" -I"D:/THUC TAP LUMI/thu-vien/SDK_1.0.3_NUCLEO-F401RE/shared/Middle/sensor" -I"D:/THUC TAP LUMI/thu-vien/SDK_1.0.3_NUCLEO-F401RE/shared/Middle/serial" -I"D:/THUC TAP LUMI/thu-vien/SDK_1.0.3_NUCLEO-F401RE/shared/Middle/ucglib" -I"D:/THUC TAP LUMI/thu-vien/SDK_1.0.3_NUCLEO-F401RE/shared/Utilities" -I"D:/THUC TAP LUMI/thu-vien/SDK_1.0.3_NUCLEO-F401RE/shared/utils" -O0 -ffunction-sections -fdata-sections -Wall -fstack-usage -MMD -MP -MF"SDK_1.0.3_NUCLEO-F401RE/shared/Middle/ucglib/ucg_dev_tft_128x128_st7735.d" -MT"SDK_1.0.3_NUCLEO-F401RE/shared/Middle/ucglib/ucg_dev_tft_128x128_st7735.o" --specs=nano.specs -mfloat-abi=soft -mthumb -o "SDK_1.0.3_NUCLEO-F401RE/shared/Middle/ucglib/ucg_dev_tft_128x128_st7735.o"
arm-none-eabi-gcc "D:/THUC TAP LUMI/thu-vien/SDK_1.0.3_NUCLEO-F401RE/shared/Middle/ucglib/ucg_font.c" -mcpu=cortex-m4 -std=gnu11 -g3 -DDEBUG -DSTM32 -DSTM32F401RETx -DSTM32F4 -c -I../Inc -I"D:/THUC TAP LUMI/thu-vien/SDK_1.0.3_NUCLEO-F401RE/lib_stm" -I"D:/THUC TAP LUMI/thu-vien/SDK_1.0.3_NUCLEO-F401RE/shared/Drivers/CMSIS/Include" -I"D:/THUC TAP LUMI/thu-vien/SDK_1.0.3_NUCLEO-F401RE/shared/Drivers/STM32F401RE_StdPeriph_Driver/inc" -I"D:/THUC TAP LUMI/thu-vien/SDK_1.0.3_NUCLEO-F401RE/shared/Middle/button" -I"D:/THUC TAP LUMI/thu-vien/SDK_1.0.3_NUCLEO-F401RE/shared/Middle/buzzer" -I"D:/THUC TAP LUMI/thu-vien/SDK_1.0.3_NUCLEO-F401RE/shared/Middle/led" -I"D:/THUC TAP LUMI/thu-vien/SDK_1.0.3_NUCLEO-F401RE/shared/Middle/rtos" -I"D:/THUC TAP LUMI/thu-vien/SDK_1.0.3_NUCLEO-F401RE/shared/Middle/sensor" -I"D:/THUC TAP LUMI/thu-vien/SDK_1.0.3_NUCLEO-F401RE/shared/Middle/serial" -I"D:/THUC TAP LUMI/thu-vien/SDK_1.0.3_NUCLEO-F401RE/shared/Middle/ucglib" -I"D:/THUC TAP LUMI/thu-vien/SDK_1.0.3_NUCLEO-F401RE/shared/Utilities" -I"D:/THUC TAP LUMI/thu-vien/SDK_1.0.3_NUCLEO-F401RE/shared/utils" -O0 -ffunction-sections -fdata-sections -Wall -fstack-usage -MMD -MP -MF"SDK_1.0.3_NUCLEO-F401RE/shared/Middle/ucglib/ucg_font.d" -MT"SDK_1.0.3_NUCLEO-F401RE/shared/Middle/ucglib/ucg_font.o" --specs=nano.specs -mfloat-abi=soft -mthumb -o "SDK_1.0.3_NUCLEO-F401RE/shared/Middle/ucglib/ucg_font.o"
arm-none-eabi-gcc "D:/THUC TAP LUMI/thu-vien/SDK_1.0.3_NUCLEO-F401RE/shared/Middle/ucglib/ucg_init.c" -mcpu=cortex-m4 -std=gnu11 -g3 -DDEBUG -DSTM32 -DSTM32F401RETx -DSTM32F4 -c -I../Inc -I"D:/THUC TAP LUMI/thu-vien/SDK_1.0.3_NUCLEO-F401RE/lib_stm" -I"D:/THUC TAP LUMI/thu-vien/SDK_1.0.3_NUCLEO-F401RE/shared/Drivers/CMSIS/Include" -I"D:/THUC TAP LUMI/thu-vien/SDK_1.0.3_NUCLEO-F401RE/shared/Drivers/STM32F401RE_StdPeriph_Driver/inc" -I"D:/THUC TAP LUMI/thu-vien/SDK_1.0.3_NUCLEO-F401RE/shared/Middle/button" -I"D:/THUC TAP LUMI/thu-vien/SDK_1.0.3_NUCLEO-F401RE/shared/Middle/buzzer" -I"D:/THUC TAP LUMI/thu-vien/SDK_1.0.3_NUCLEO-F401RE/shared/Middle/led" -I"D:/THUC TAP LUMI/thu-vien/SDK_1.0.3_NUCLEO-F401RE/shared/Middle/rtos" -I"D:/THUC TAP LUMI/thu-vien/SDK_1.0.3_NUCLEO-F401RE/shared/Middle/sensor" -I"D:/THUC TAP LUMI/thu-vien/SDK_1.0.3_NUCLEO-F401RE/shared/Middle/serial" -I"D:/THUC TAP LUMI/thu-vien/SDK_1.0.3_NUCLEO-F401RE/shared/Middle/ucglib" -I"D:/THUC TAP LUMI/thu-vien/SDK_1.0.3_NUCLEO-F401RE/shared/Utilities" -I"D:/THUC TAP LUMI/thu-vien/SDK_1.0.3_NUCLEO-F401RE/shared/utils" -O0 -ffunction-sections -fdata-sections -Wall -fstack-usage -MMD -MP -MF"SDK_1.0.3_NUCLEO-F401RE/shared/Middle/ucglib/ucg_init.d" -MT"SDK_1.0.3_NUCLEO-F401RE/shared/Middle/ucglib/ucg_init.o" --specs=nano.specs -mfloat-abi=soft -mthumb -o "SDK_1.0.3_NUCLEO-F401RE/shared/Middle/ucglib/ucg_init.o"
arm-none-eabi-gcc "D:/THUC TAP LUMI/thu-vien/SDK_1.0.3_NUCLEO-F401RE/shared/Middle/ucglib/ucg_line.c" -mcpu=cortex-m4 -std=gnu11 -g3 -DDEBUG -DSTM32 -DSTM32F401RETx -DSTM32F4 -c -I../Inc -I"D:/THUC TAP LUMI/thu-vien/SDK_1.0.3_NUCLEO-F401RE/lib_stm" -I"D:/THUC TAP LUMI/thu-vien/SDK_1.0.3_NUCLEO-F401RE/shared/Drivers/CMSIS/Include" -I"D:/THUC TAP LUMI/thu-vien/SDK_1.0.3_NUCLEO-F401RE/shared/Drivers/STM32F401RE_StdPeriph_Driver/inc" -I"D:/THUC TAP LUMI/thu-vien/SDK_1.0.3_NUCLEO-F401RE/shared/Middle/button" -I"D:/THUC TAP LUMI/thu-vien/SDK_1.0.3_NUCLEO-F401RE/shared/Middle/buzzer" -I"D:/THUC TAP LUMI/thu-vien/SDK_1.0.3_NUCLEO-F401RE/shared/Middle/led" -I"D:/THUC TAP LUMI/thu-vien/SDK_1.0.3_NUCLEO-F401RE/shared/Middle/rtos" -I"D:/THUC TAP LUMI/thu-vien/SDK_1.0.3_NUCLEO-F401RE/shared/Middle/sensor" -I"D:/THUC TAP LUMI/thu-vien/SDK_1.0.3_NUCLEO-F401RE/shared/Middle/serial" -I"D:/THUC TAP LUMI/thu-vien/SDK_1.0.3_NUCLEO-F401RE/shared/Middle/ucglib" -I"D:/THUC TAP LUMI/thu-vien/SDK_1.0.3_NUCLEO-F401RE/shared/Utilities" -I"D:/THUC TAP LUMI/thu-vien/SDK_1.0.3_NUCLEO-F401RE/shared/utils" -O0 -ffunction-sections -fdata-sections -Wall -fstack-usage -MMD -MP -MF"SDK_1.0.3_NUCLEO-F401RE/shared/Middle/ucglib/ucg_line.d" -MT"SDK_1.0.3_NUCLEO-F401RE/shared/Middle/ucglib/ucg_line.o" --specs=nano.specs -mfloat-abi=soft -mthumb -o "SDK_1.0.3_NUCLEO-F401RE/shared/Middle/ucglib/ucg_line.o"
arm-none-eabi-gcc "D:/THUC TAP LUMI/thu-vien/SDK_1.0.3_NUCLEO-F401RE/shared/Middle/ucglib/ucg_pixel.c" -mcpu=cortex-m4 -std=gnu11 -g3 -DDEBUG -DSTM32 -DSTM32F401RETx -DSTM32F4 -c -I../Inc -I"D:/THUC TAP LUMI/thu-vien/SDK_1.0.3_NUCLEO-F401RE/lib_stm" -I"D:/THUC TAP LUMI/thu-vien/SDK_1.0.3_NUCLEO-F401RE/shared/Drivers/CMSIS/Include" -I"D:/THUC TAP LUMI/thu-vien/SDK_1.0.3_NUCLEO-F401RE/shared/Drivers/STM32F401RE_StdPeriph_Driver/inc" -I"D:/THUC TAP LUMI/thu-vien/SDK_1.0.3_NUCLEO-F401RE/shared/Middle/button" -I"D:/THUC TAP LUMI/thu-vien/SDK_1.0.3_NUCLEO-F401RE/shared/Middle/buzzer" -I"D:/THUC TAP LUMI/thu-vien/SDK_1.0.3_NUCLEO-F401RE/shared/Middle/led" -I"D:/THUC TAP LUMI/thu-vien/SDK_1.0.3_NUCLEO-F401RE/shared/Middle/rtos" -I"D:/THUC TAP LUMI/thu-vien/SDK_1.0.3_NUCLEO-F401RE/shared/Middle/sensor" -I"D:/THUC TAP LUMI/thu-vien/SDK_1.0.3_NUCLEO-F401RE/shared/Middle/serial" -I"D:/THUC TAP LUMI/thu-vien/SDK_1.0.3_NUCLEO-F401RE/shared/Middle/ucglib" -I"D:/THUC TAP LUMI/thu-vien/SDK_1.0.3_NUCLEO-F401RE/shared/Utilities" -I"D:/THUC TAP LUMI/thu-vien/SDK_1.0.3_NUCLEO-F401RE/shared/utils" -O0 -ffunction-sections -fdata-sections -Wall -fstack-usage -MMD -MP -MF"SDK_1.0.3_NUCLEO-F401RE/shared/Middle/ucglib/ucg_pixel.d" -MT"SDK_1.0.3_NUCLEO-F401RE/shared/Middle/ucglib/ucg_pixel.o" --specs=nano.specs -mfloat-abi=soft -mthumb -o "SDK_1.0.3_NUCLEO-F401RE/shared/Middle/ucglib/ucg_pixel.o"
arm-none-eabi-gcc "D:/THUC TAP LUMI/thu-vien/SDK_1.0.3_NUCLEO-F401RE/shared/Middle/ucglib/ucg_pixel_font_data.c" -mcpu=cortex-m4 -std=gnu11 -g3 -DDEBUG -DSTM32 -DSTM32F401RETx -DSTM32F4 -c -I../Inc -I"D:/THUC TAP LUMI/thu-vien/SDK_1.0.3_NUCLEO-F401RE/lib_stm" -I"D:/THUC TAP LUMI/thu-vien/SDK_1.0.3_NUCLEO-F401RE/shared/Drivers/CMSIS/Include" -I"D:/THUC TAP LUMI/thu-vien/SDK_1.0.3_NUCLEO-F401RE/shared/Drivers/STM32F401RE_StdPeriph_Driver/inc" -I"D:/THUC TAP LUMI/thu-vien/SDK_1.0.3_NUCLEO-F401RE/shared/Middle/button" -I"D:/THUC TAP LUMI/thu-vien/SDK_1.0.3_NUCLEO-F401RE/shared/Middle/buzzer" -I"D:/THUC TAP LUMI/thu-vien/SDK_1.0.3_NUCLEO-F401RE/shared/Middle/led" -I"D:/THUC TAP LUMI/thu-vien/SDK_1.0.3_NUCLEO-F401RE/shared/Middle/rtos" -I"D:/THUC TAP LUMI/thu-vien/SDK_1.0.3_NUCLEO-F401RE/shared/Middle/sensor" -I"D:/THUC TAP LUMI/thu-vien/SDK_1.0.3_NUCLEO-F401RE/shared/Middle/serial" -I"D:/THUC TAP LUMI/thu-vien/SDK_1.0.3_NUCLEO-F401RE/shared/Middle/ucglib" -I"D:/THUC TAP LUMI/thu-vien/SDK_1.0.3_NUCLEO-F401RE/shared/Utilities" -I"D:/THUC TAP LUMI/thu-vien/SDK_1.0.3_NUCLEO-F401RE/shared/utils" -O0 -ffunction-sections -fdata-sections -Wall -fstack-usage -MMD -MP -MF"SDK_1.0.3_NUCLEO-F401RE/shared/Middle/ucglib/ucg_pixel_font_data.d" -MT"SDK_1.0.3_NUCLEO-F401RE/shared/Middle/ucglib/ucg_pixel_font_data.o" --specs=nano.specs -mfloat-abi=soft -mthumb -o "SDK_1.0.3_NUCLEO-F401RE/shared/Middle/ucglib/ucg_pixel_font_data.o"
arm-none-eabi-gcc "D:/THUC TAP LUMI/thu-vien/SDK_1.0.3_NUCLEO-F401RE/shared/Middle/ucglib/ucg_polygon.c" -mcpu=cortex-m4 -std=gnu11 -g3 -DDEBUG -DSTM32 -DSTM32F401RETx -DSTM32F4 -c -I../Inc -I"D:/THUC TAP LUMI/thu-vien/SDK_1.0.3_NUCLEO-F401RE/lib_stm" -I"D:/THUC TAP LUMI/thu-vien/SDK_1.0.3_NUCLEO-F401RE/shared/Drivers/CMSIS/Include" -I"D:/THUC TAP LUMI/thu-vien/SDK_1.0.3_NUCLEO-F401RE/shared/Drivers/STM32F401RE_StdPeriph_Driver/inc" -I"D:/THUC TAP LUMI/thu-vien/SDK_1.0.3_NUCLEO-F401RE/shared/Middle/button" -I"D:/THUC TAP LUMI/thu-vien/SDK_1.0.3_NUCLEO-F401RE/shared/Middle/buzzer" -I"D:/THUC TAP LUMI/thu-vien/SDK_1.0.3_NUCLEO-F401RE/shared/Middle/led" -I"D:/THUC TAP LUMI/thu-vien/SDK_1.0.3_NUCLEO-F401RE/shared/Middle/rtos" -I"D:/THUC TAP LUMI/thu-vien/SDK_1.0.3_NUCLEO-F401RE/shared/Middle/sensor" -I"D:/THUC TAP LUMI/thu-vien/SDK_1.0.3_NUCLEO-F401RE/shared/Middle/serial" -I"D:/THUC TAP LUMI/thu-vien/SDK_1.0.3_NUCLEO-F401RE/shared/Middle/ucglib" -I"D:/THUC TAP LUMI/thu-vien/SDK_1.0.3_NUCLEO-F401RE/shared/Utilities" -I"D:/THUC TAP LUMI/thu-vien/SDK_1.0.3_NUCLEO-F401RE/shared/utils" -O0 -ffunction-sections -fdata-sections -Wall -fstack-usage -MMD -MP -MF"SDK_1.0.3_NUCLEO-F401RE/shared/Middle/ucglib/ucg_polygon.d" -MT"SDK_1.0.3_NUCLEO-F401RE/shared/Middle/ucglib/ucg_polygon.o" --specs=nano.specs -mfloat-abi=soft -mthumb -o "SDK_1.0.3_NUCLEO-F401RE/shared/Middle/ucglib/ucg_polygon.o"
arm-none-eabi-gcc "D:/THUC TAP LUMI/thu-vien/SDK_1.0.3_NUCLEO-F401RE/shared/Middle/ucglib/ucg_rotate.c" -mcpu=cortex-m4 -std=gnu11 -g3 -DDEBUG -DSTM32 -DSTM32F401RETx -DSTM32F4 -c -I../Inc -I"D:/THUC TAP LUMI/thu-vien/SDK_1.0.3_NUCLEO-F401RE/lib_stm" -I"D:/THUC TAP LUMI/thu-vien/SDK_1.0.3_NUCLEO-F401RE/shared/Drivers/CMSIS/Include" -I"D:/THUC TAP LUMI/thu-vien/SDK_1.0.3_NUCLEO-F401RE/shared/Drivers/STM32F401RE_StdPeriph_Driver/inc" -I"D:/THUC TAP LUMI/thu-vien/SDK_1.0.3_NUCLEO-F401RE/shared/Middle/button" -I"D:/THUC TAP LUMI/thu-vien/SDK_1.0.3_NUCLEO-F401RE/shared/Middle/buzzer" -I"D:/THUC TAP LUMI/thu-vien/SDK_1.0.3_NUCLEO-F401RE/shared/Middle/led" -I"D:/THUC TAP LUMI/thu-vien/SDK_1.0.3_NUCLEO-F401RE/shared/Middle/rtos" -I"D:/THUC TAP LUMI/thu-vien/SDK_1.0.3_NUCLEO-F401RE/shared/Middle/sensor" -I"D:/THUC TAP LUMI/thu-vien/SDK_1.0.3_NUCLEO-F401RE/shared/Middle/serial" -I"D:/THUC TAP LUMI/thu-vien/SDK_1.0.3_NUCLEO-F401RE/shared/Middle/ucglib" -I"D:/THUC TAP LUMI/thu-vien/SDK_1.0.3_NUCLEO-F401RE/shared/Utilities" -I"D:/THUC TAP LUMI/thu-vien/SDK_1.0.3_NUCLEO-F401RE/shared/utils" -O0 -ffunction-sections -fdata-sections -Wall -fstack-usage -MMD -MP -MF"SDK_1.0.3_NUCLEO-F401RE/shared/Middle/ucglib/ucg_rotate.d" -MT"SDK_1.0.3_NUCLEO-F401RE/shared/Middle/ucglib/ucg_rotate.o" --specs=nano.specs -mfloat-abi=soft -mthumb -o "SDK_1.0.3_NUCLEO-F401RE/shared/Middle/ucglib/ucg_rotate.o"
arm-none-eabi-gcc "D:/THUC TAP LUMI/thu-vien/SDK_1.0.3_NUCLEO-F401RE/shared/Middle/ucglib/ucg_scale.c" -mcpu=cortex-m4 -std=gnu11 -g3 -DDEBUG -DSTM32 -DSTM32F401RETx -DSTM32F4 -c -I../Inc -I"D:/THUC TAP LUMI/thu-vien/SDK_1.0.3_NUCLEO-F401RE/lib_stm" -I"D:/THUC TAP LUMI/thu-vien/SDK_1.0.3_NUCLEO-F401RE/shared/Drivers/CMSIS/Include" -I"D:/THUC TAP LUMI/thu-vien/SDK_1.0.3_NUCLEO-F401RE/shared/Drivers/STM32F401RE_StdPeriph_Driver/inc" -I"D:/THUC TAP LUMI/thu-vien/SDK_1.0.3_NUCLEO-F401RE/shared/Middle/button" -I"D:/THUC TAP LUMI/thu-vien/SDK_1.0.3_NUCLEO-F401RE/shared/Middle/buzzer" -I"D:/THUC TAP LUMI/thu-vien/SDK_1.0.3_NUCLEO-F401RE/shared/Middle/led" -I"D:/THUC TAP LUMI/thu-vien/SDK_1.0.3_NUCLEO-F401RE/shared/Middle/rtos" -I"D:/THUC TAP LUMI/thu-vien/SDK_1.0.3_NUCLEO-F401RE/shared/Middle/sensor" -I"D:/THUC TAP LUMI/thu-vien/SDK_1.0.3_NUCLEO-F401RE/shared/Middle/serial" -I"D:/THUC TAP LUMI/thu-vien/SDK_1.0.3_NUCLEO-F401RE/shared/Middle/ucglib" -I"D:/THUC TAP LUMI/thu-vien/SDK_1.0.3_NUCLEO-F401RE/shared/Utilities" -I"D:/THUC TAP LUMI/thu-vien/SDK_1.0.3_NUCLEO-F401RE/shared/utils" -O0 -ffunction-sections -fdata-sections -Wall -fstack-usage -MMD -MP -MF"SDK_1.0.3_NUCLEO-F401RE/shared/Middle/ucglib/ucg_scale.d" -MT"SDK_1.0.3_NUCLEO-F401RE/shared/Middle/ucglib/ucg_scale.o" --specs=nano.specs -mfloat-abi=soft -mthumb -o "SDK_1.0.3_NUCLEO-F401RE/shared/Middle/ucglib/ucg_scale.o"
arm-none-eabi-gcc "D:/THUC TAP LUMI/thu-vien/SDK_1.0.3_NUCLEO-F401RE/shared/Middle/ucglib/ucg_vector_font_data.c" -mcpu=cortex-m4 -std=gnu11 -g3 -DDEBUG -DSTM32 -DSTM32F401RETx -DSTM32F4 -c -I../Inc -I"D:/THUC TAP LUMI/thu-vien/SDK_1.0.3_NUCLEO-F401RE/lib_stm" -I"D:/THUC TAP LUMI/thu-vien/SDK_1.0.3_NUCLEO-F401RE/shared/Drivers/CMSIS/Include" -I"D:/THUC TAP LUMI/thu-vien/SDK_1.0.3_NUCLEO-F401RE/shared/Drivers/STM32F401RE_StdPeriph_Driver/inc" -I"D:/THUC TAP LUMI/thu-vien/SDK_1.0.3_NUCLEO-F401RE/shared/Middle/button" -I"D:/THUC TAP LUMI/thu-vien/SDK_1.0.3_NUCLEO-F401RE/shared/Middle/buzzer" -I"D:/THUC TAP LUMI/thu-vien/SDK_1.0.3_NUCLEO-F401RE/shared/Middle/led" -I"D:/THUC TAP LUMI/thu-vien/SDK_1.0.3_NUCLEO-F401RE/shared/Middle/rtos" -I"D:/THUC TAP LUMI/thu-vien/SDK_1.0.3_NUCLEO-F401RE/shared/Middle/sensor" -I"D:/THUC TAP LUMI/thu-vien/SDK_1.0.3_NUCLEO-F401RE/shared/Middle/serial" -I"D:/THUC TAP LUMI/thu-vien/SDK_1.0.3_NUCLEO-F401RE/shared/Middle/ucglib" -I"D:/THUC TAP LUMI/thu-vien/SDK_1.0.3_NUCLEO-F401RE/shared/Utilities" -I"D:/THUC TAP LUMI/thu-vien/SDK_1.0.3_NUCLEO-F401RE/shared/utils" -O0 -ffunction-sections -fdata-sections -Wall -fstack-usage -MMD -MP -MF"SDK_1.0.3_NUCLEO-F401RE/shared/Middle/ucglib/ucg_vector_font_data.d" -MT"SDK_1.0.3_NUCLEO-F401RE/shared/Middle/ucglib/ucg_vector_font_data.o" --specs=nano.specs -mfloat-abi=soft -mthumb -o "SDK_1.0.3_NUCLEO-F401RE/shared/Middle/ucglib/ucg_vector_font_data.o"
arm-none-eabi-gcc "D:/THUC TAP LUMI/thu-vien/SDK_1.0.3_NUCLEO-F401RE/shared/Middle/serial/serial.c" -mcpu=cortex-m4 -std=gnu11 -g3 -DDEBUG -DSTM32 -DSTM32F401RETx -DSTM32F4 -c -I../Inc -I"D:/THUC TAP LUMI/thu-vien/SDK_1.0.3_NUCLEO-F401RE/lib_stm" -I"D:/THUC TAP LUMI/thu-vien/SDK_1.0.3_NUCLEO-F401RE/shared/Drivers/CMSIS/Include" -I"D:/THUC TAP LUMI/thu-vien/SDK_1.0.3_NUCLEO-F401RE/shared/Drivers/STM32F401RE_StdPeriph_Driver/inc" -I"D:/THUC TAP LUMI/thu-vien/SDK_1.0.3_NUCLEO-F401RE/shared/Middle/button" -I"D:/THUC TAP LUMI/thu-vien/SDK_1.0.3_NUCLEO-F401RE/shared/Middle/buzzer" -I"D:/THUC TAP LUMI/thu-vien/SDK_1.0.3_NUCLEO-F401RE/shared/Middle/led" -I"D:/THUC TAP LUMI/thu-vien/SDK_1.0.3_NUCLEO-F401RE/shared/Middle/rtos" -I"D:/THUC TAP LUMI/thu-vien/SDK_1.0.3_NUCLEO-F401RE/shared/Middle/sensor" -I"D:/THUC TAP LUMI/thu-vien/SDK_1.0.3_NUCLEO-F401RE/shared/Middle/serial" -I"D:/THUC TAP LUMI/thu-vien/SDK_1.0.3_NUCLEO-F401RE/shared/Middle/ucglib" -I"D:/THUC TAP LUMI/thu-vien/SDK_1.0.3_NUCLEO-F401RE/shared/Utilities" -I"D:/THUC TAP LUMI/thu-vien/SDK_1.0.3_NUCLEO-F401RE/shared/utils" -O0 -ffunction-sections -fdata-sections -Wall -fstack-usage -MMD -MP -MF"SDK_1.0.3_NUCLEO-F401RE/shared/Middle/serial/serial.d" -MT"SDK_1.0.3_NUCLEO-F401RE/shared/Middle/serial/serial.o" --specs=nano.specs -mfloat-abi=soft -mthumb -o "SDK_1.0.3_NUCLEO-F401RE/shared/Middle/serial/serial.o"
arm-none-eabi-gcc "D:/THUC TAP LUMI/thu-vien/SDK_1.0.3_NUCLEO-F401RE/shared/Middle/serial/uartcmd.c" -mcpu=cortex-m4 -std=gnu11 -g3 -DDEBUG -DSTM32 -DSTM32F401RETx -DSTM32F4 -c -I../Inc -I"D:/THUC TAP LUMI/thu-vien/SDK_1.0.3_NUCLEO-F401RE/lib_stm" -I"D:/THUC TAP LUMI/thu-vien/SDK_1.0.3_NUCLEO-F401RE/shared/Drivers/CMSIS/Include" -I"D:/THUC TAP LUMI/thu-vien/SDK_1.0.3_NUCLEO-F401RE/shared/Drivers/STM32F401RE_StdPeriph_Driver/inc" -I"D:/THUC TAP LUMI/thu-vien/SDK_1.0.3_NUCLEO-F401RE/shared/Middle/button" -I"D:/THUC TAP LUMI/thu-vien/SDK_1.0.3_NUCLEO-F401RE/shared/Middle/buzzer" -I"D:/THUC TAP LUMI/thu-vien/SDK_1.0.3_NUCLEO-F401RE/shared/Middle/led" -I"D:/THUC TAP LUMI/thu-vien/SDK_1.0.3_NUCLEO-F401RE/shared/Middle/rtos" -I"D:/THUC TAP LUMI/thu-vien/SDK_1.0.3_NUCLEO-F401RE/shared/Middle/sensor" -I"D:/THUC TAP LUMI/thu-vien/SDK_1.0.3_NUCLEO-F401RE/shared/Middle/serial" -I"D:/THUC TAP LUMI/thu-vien/SDK_1.0.3_NUCLEO-F401RE/shared/Middle/ucglib" -I"D:/THUC TAP LUMI/thu-vien/SDK_1.0.3_NUCLEO-F401RE/shared/Utilities" -I"D:/THUC TAP LUMI/thu-vien/SDK_1.0.3_NUCLEO-F401RE/shared/utils" -O0 -ffunction-sections -fdata-sections -Wall -fstack-usage -MMD -MP -MF"SDK_1.0.3_NUCLEO-F401RE/shared/Middle/serial/uartcmd.d" -MT"SDK_1.0.3_NUCLEO-F401RE/shared/Middle/serial/uartcmd.o" --specs=nano.specs -mfloat-abi=soft -mthumb -o "SDK_1.0.3_NUCLEO-F401RE/shared/Middle/serial/uartcmd.o"
arm-none-eabi-gcc "D:/THUC TAP LUMI/thu-vien/SDK_1.0.3_NUCLEO-F401RE/shared/Middle/sensor/lightsensor.c" -mcpu=cortex-m4 -std=gnu11 -g3 -DDEBUG -DSTM32 -DSTM32F401RETx -DSTM32F4 -c -I../Inc -I"D:/THUC TAP LUMI/thu-vien/SDK_1.0.3_NUCLEO-F401RE/lib_stm" -I"D:/THUC TAP LUMI/thu-vien/SDK_1.0.3_NUCLEO-F401RE/shared/Drivers/CMSIS/Include" -I"D:/THUC TAP LUMI/thu-vien/SDK_1.0.3_NUCLEO-F401RE/shared/Drivers/STM32F401RE_StdPeriph_Driver/inc" -I"D:/THUC TAP LUMI/thu-vien/SDK_1.0.3_NUCLEO-F401RE/shared/Middle/button" -I"D:/THUC TAP LUMI/thu-vien/SDK_1.0.3_NUCLEO-F401RE/shared/Middle/buzzer" -I"D:/THUC TAP LUMI/thu-vien/SDK_1.0.3_NUCLEO-F401RE/shared/Middle/led" -I"D:/THUC TAP LUMI/thu-vien/SDK_1.0.3_NUCLEO-F401RE/shared/Middle/rtos" -I"D:/THUC TAP LUMI/thu-vien/SDK_1.0.3_NUCLEO-F401RE/shared/Middle/sensor" -I"D:/THUC TAP LUMI/thu-vien/SDK_1.0.3_NUCLEO-F401RE/shared/Middle/serial" -I"D:/THUC TAP LUMI/thu-vien/SDK_1.0.3_NUCLEO-F401RE/shared/Middle/ucglib" -I"D:/THUC TAP LUMI/thu-vien/SDK_1.0.3_NUCLEO-F401RE/shared/Utilities" -I"D:/THUC TAP LUMI/thu-vien/SDK_1.0.3_NUCLEO-F401RE/shared/utils" -O0 -ffunction-sections -fdata-sections -Wall -fstack-usage -MMD -MP -MF"SDK_1.0.3_NUCLEO-F401RE/shared/Middle/sensor/lightsensor.d" -MT"SDK_1.0.3_NUCLEO-F401RE/shared/Middle/sensor/lightsensor.o" --specs=nano.specs -mfloat-abi=soft -mthumb -o "SDK_1.0.3_NUCLEO-F401RE/shared/Middle/sensor/lightsensor.o"
arm-none-eabi-gcc "D:/THUC TAP LUMI/thu-vien/SDK_1.0.3_NUCLEO-F401RE/shared/Middle/sensor/temhumsensor.c" -mcpu=cortex-m4 -std=gnu11 -g3 -DDEBUG -DSTM32 -DSTM32F401RETx -DSTM32F4 -c -I../Inc -I"D:/THUC TAP LUMI/thu-vien/SDK_1.0.3_NUCLEO-F401RE/lib_stm" -I"D:/THUC TAP LUMI/thu-vien/SDK_1.0.3_NUCLEO-F401RE/shared/Drivers/CMSIS/Include" -I"D:/THUC TAP LUMI/thu-vien/SDK_1.0.3_NUCLEO-F401RE/shared/Drivers/STM32F401RE_StdPeriph_Driver/inc" -I"D:/THUC TAP LUMI/thu-vien/SDK_1.0.3_NUCLEO-F401RE/shared/Middle/button" -I"D:/THUC TAP LUMI/thu-vien/SDK_1.0.3_NUCLEO-F401RE/shared/Middle/buzzer" -I"D:/THUC TAP LUMI/thu-vien/SDK_1.0.3_NUCLEO-F401RE/shared/Middle/led" -I"D:/THUC TAP LUMI/thu-vien/SDK_1.0.3_NUCLEO-F401RE/shared/Middle/rtos" -I"D:/THUC TAP LUMI/thu-vien/SDK_1.0.3_NUCLEO-F401RE/shared/Middle/sensor" -I"D:/THUC TAP LUMI/thu-vien/SDK_1.0.3_NUCLEO-F401RE/shared/Middle/serial" -I"D:/THUC TAP LUMI/thu-vien/SDK_1.0.3_NUCLEO-F401RE/shared/Middle/ucglib" -I"D:/THUC TAP LUMI/thu-vien/SDK_1.0.3_NUCLEO-F401RE/shared/Utilities" -I"D:/THUC TAP LUMI/thu-vien/SDK_1.0.3_NUCLEO-F401RE/shared/utils" -O0 -ffunction-sections -fdata-sections -Wall -fstack-usage -MMD -MP -MF"SDK_1.0.3_NUCLEO-F401RE/shared/Middle/sensor/temhumsensor.d" -MT"SDK_1.0.3_NUCLEO-F401RE/shared/Middle/sensor/temhumsensor.o" --specs=nano.specs -mfloat-abi=soft -mthumb -o "SDK_1.0.3_NUCLEO-F401RE/shared/Middle/sensor/temhumsensor.o"
arm-none-eabi-gcc "D:/THUC TAP LUMI/thu-vien/SDK_1.0.3_NUCLEO-F401RE/shared/Middle/rtos/eventman.c" -mcpu=cortex-m4 -std=gnu11 -g3 -DDEBUG -DSTM32 -DSTM32F401RETx -DSTM32F4 -c -I../Inc -I"D:/THUC TAP LUMI/thu-vien/SDK_1.0.3_NUCLEO-F401RE/lib_stm" -I"D:/THUC TAP LUMI/thu-vien/SDK_1.0.3_NUCLEO-F401RE/shared/Drivers/CMSIS/Include" -I"D:/THUC TAP LUMI/thu-vien/SDK_1.0.3_NUCLEO-F401RE/shared/Drivers/STM32F401RE_StdPeriph_Driver/inc" -I"D:/THUC TAP LUMI/thu-vien/SDK_1.0.3_NUCLEO-F401RE/shared/Middle/button" -I"D:/THUC TAP LUMI/thu-vien/SDK_1.0.3_NUCLEO-F401RE/shared/Middle/buzzer" -I"D:/THUC TAP LUMI/thu-vien/SDK_1.0.3_NUCLEO-F401RE/shared/Middle/led" -I"D:/THUC TAP LUMI/thu-vien/SDK_1.0.3_NUCLEO-F401RE/shared/Middle/rtos" -I"D:/THUC TAP LUMI/thu-vien/SDK_1.0.3_NUCLEO-F401RE/shared/Middle/sensor" -I"D:/THUC TAP LUMI/thu-vien/SDK_1.0.3_NUCLEO-F401RE/shared/Middle/serial" -I"D:/THUC TAP LUMI/thu-vien/SDK_1.0.3_NUCLEO-F401RE/shared/Middle/ucglib" -I"D:/THUC TAP LUMI/thu-vien/SDK_1.0.3_NUCLEO-F401RE/shared/Utilities" -I"D:/THUC TAP LUMI/thu-vien/SDK_1.0.3_NUCLEO-F401RE/shared/utils" -O0 -ffunction-sections -fdata-sections -Wall -fstack-usage -MMD -MP -MF"SDK_1.0.3_NUCLEO-F401RE/shared/Middle/rtos/eventman.d" -MT"SDK_1.0.3_NUCLEO-F401RE/shared/Middle/rtos/eventman.o" --specs=nano.specs -mfloat-abi=soft -mthumb -o "SDK_1.0.3_NUCLEO-F401RE/shared/Middle/rtos/eventman.o"
arm-none-eabi-gcc "D:/THUC TAP LUMI/thu-vien/SDK_1.0.3_NUCLEO-F401RE/shared/Middle/rtos/timer.c" -mcpu=cortex-m4 -std=gnu11 -g3 -DDEBUG -DSTM32 -DSTM32F401RETx -DSTM32F4 -c -I../Inc -I"D:/THUC TAP LUMI/thu-vien/SDK_1.0.3_NUCLEO-F401RE/lib_stm" -I"D:/THUC TAP LUMI/thu-vien/SDK_1.0.3_NUCLEO-F401RE/shared/Drivers/CMSIS/Include" -I"D:/THUC TAP LUMI/thu-vien/SDK_1.0.3_NUCLEO-F401RE/shared/Drivers/STM32F401RE_StdPeriph_Driver/inc" -I"D:/THUC TAP LUMI/thu-vien/SDK_1.0.3_NUCLEO-F401RE/shared/Middle/button" -I"D:/THUC TAP LUMI/thu-vien/SDK_1.0.3_NUCLEO-F401RE/shared/Middle/buzzer" -I"D:/THUC TAP LUMI/thu-vien/SDK_1.0.3_NUCLEO-F401RE/shared/Middle/led" -I"D:/THUC TAP LUMI/thu-vien/SDK_1.0.3_NUCLEO-F401RE/shared/Middle/rtos" -I"D:/THUC TAP LUMI/thu-vien/SDK_1.0.3_NUCLEO-F401RE/shared/Middle/sensor" -I"D:/THUC TAP LUMI/thu-vien/SDK_1.0.3_NUCLEO-F401RE/shared/Middle/serial" -I"D:/THUC TAP LUMI/thu-vien/SDK_1.0.3_NUCLEO-F401RE/shared/Middle/ucglib" -I"D:/THUC TAP LUMI/thu-vien/SDK_1.0.3_NUCLEO-F401RE/shared/Utilities" -I"D:/THUC TAP LUMI/thu-vien/SDK_1.0.3_NUCLEO-F401RE/shared/utils" -O0 -ffunction-sections -fdata-sections -Wall -fstack-usage -MMD -MP -MF"SDK_1.0.3_NUCLEO-F401RE/shared/Middle/rtos/timer.d" -MT"SDK_1.0.3_NUCLEO-F401RE/shared/Middle/rtos/timer.o" --specs=nano.specs -mfloat-abi=soft -mthumb -o "SDK_1.0.3_NUCLEO-F401RE/shared/Middle/rtos/timer.o"
arm-none-eabi-gcc "D:/THUC TAP LUMI/thu-vien/SDK_1.0.3_NUCLEO-F401RE/shared/Middle/led/led.c" -mcpu=cortex-m4 -std=gnu11 -g3 -DDEBUG -DSTM32 -DSTM32F401RETx -DSTM32F4 -c -I../Inc -I"D:/THUC TAP LUMI/thu-vien/SDK_1.0.3_NUCLEO-F401RE/lib_stm" -I"D:/THUC TAP LUMI/thu-vien/SDK_1.0.3_NUCLEO-F401RE/shared/Drivers/CMSIS/Include" -I"D:/THUC TAP LUMI/thu-vien/SDK_1.0.3_NUCLEO-F401RE/shared/Drivers/STM32F401RE_StdPeriph_Driver/inc" -I"D:/THUC TAP LUMI/thu-vien/SDK_1.0.3_NUCLEO-F401RE/shared/Middle/button" -I"D:/THUC TAP LUMI/thu-vien/SDK_1.0.3_NUCLEO-F401RE/shared/Middle/buzzer" -I"D:/THUC TAP LUMI/thu-vien/SDK_1.0.3_NUCLEO-F401RE/shared/Middle/led" -I"D:/THUC TAP LUMI/thu-vien/SDK_1.0.3_NUCLEO-F401RE/shared/Middle/rtos" -I"D:/THUC TAP LUMI/thu-vien/SDK_1.0.3_NUCLEO-F401RE/shared/Middle/sensor" -I"D:/THUC TAP LUMI/thu-vien/SDK_1.0.3_NUCLEO-F401RE/shared/Middle/serial" -I"D:/THUC TAP LUMI/thu-vien/SDK_1.0.3_NUCLEO-F401RE/shared/Middle/ucglib" -I"D:/THUC TAP LUMI/thu-vien/SDK_1.0.3_NUCLEO-F401RE/shared/Utilities" -I"D:/THUC TAP LUMI/thu-vien/SDK_1.0.3_NUCLEO-F401RE/shared/utils" -O0 -ffunction-sections -fdata-sections -Wall -fstack-usage -MMD -MP -MF"SDK_1.0.3_NUCLEO-F401RE/shared/Middle/led/led.d" -MT"SDK_1.0.3_NUCLEO-F401RE/shared/Middle/led/led.o" --specs=nano.specs -mfloat-abi=soft -mthumb -o "SDK_1.0.3_NUCLEO-F401RE/shared/Middle/led/led.o"
arm-none-eabi-gcc "D:/THUC TAP LUMI/thu-vien/SDK_1.0.3_NUCLEO-F401RE/shared/Middle/buzzer/buzzer.c" -mcpu=cortex-m4 -std=gnu11 -g3 -DDEBUG -DSTM32 -DSTM32F401RETx -DSTM32F4 -c -I../Inc -I"D:/THUC TAP LUMI/thu-vien/SDK_1.0.3_NUCLEO-F401RE/lib_stm" -I"D:/THUC TAP LUMI/thu-vien/SDK_1.0.3_NUCLEO-F401RE/shared/Drivers/CMSIS/Include" -I"D:/THUC TAP LUMI/thu-vien/SDK_1.0.3_NUCLEO-F401RE/shared/Drivers/STM32F401RE_StdPeriph_Driver/inc" -I"D:/THUC TAP LUMI/thu-vien/SDK_1.0.3_NUCLEO-F401RE/shared/Middle/button" -I"D:/THUC TAP LUMI/thu-vien/SDK_1.0.3_NUCLEO-F401RE/shared/Middle/buzzer" -I"D:/THUC TAP LUMI/thu-vien/SDK_1.0.3_NUCLEO-F401RE/shared/Middle/led" -I"D:/THUC TAP LUMI/thu-vien/SDK_1.0.3_NUCLEO-F401RE/shared/Middle/rtos" -I"D:/THUC TAP LUMI/thu-vien/SDK_1.0.3_NUCLEO-F401RE/shared/Middle/sensor" -I"D:/THUC TAP LUMI/thu-vien/SDK_1.0.3_NUCLEO-F401RE/shared/Middle/serial" -I"D:/THUC TAP LUMI/thu-vien/SDK_1.0.3_NUCLEO-F401RE/shared/Middle/ucglib" -I"D:/THUC TAP LUMI/thu-vien/SDK_1.0.3_NUCLEO-F401RE/shared/Utilities" -I"D:/THUC TAP LUMI/thu-vien/SDK_1.0.3_NUCLEO-F401RE/shared/utils" -O0 -ffunction-sections -fdata-sections -Wall -fstack-usage -MMD -MP -MF"SDK_1.0.3_NUCLEO-F401RE/shared/Middle/buzzer/buzzer.d" -MT"SDK_1.0.3_NUCLEO-F401RE/shared/Middle/buzzer/buzzer.o" --specs=nano.specs -mfloat-abi=soft -mthumb -o "SDK_1.0.3_NUCLEO-F401RE/shared/Middle/buzzer/buzzer.o"
arm-none-eabi-gcc "D:/THUC TAP LUMI/thu-vien/SDK_1.0.3_NUCLEO-F401RE/shared/Middle/buzzer/melody.c" -mcpu=cortex-m4 -std=gnu11 -g3 -DDEBUG -DSTM32 -DSTM32F401RETx -DSTM32F4 -c -I../Inc -I"D:/THUC TAP LUMI/thu-vien/SDK_1.0.3_NUCLEO-F401RE/lib_stm" -I"D:/THUC TAP LUMI/thu-vien/SDK_1.0.3_NUCLEO-F401RE/shared/Drivers/CMSIS/Include" -I"D:/THUC TAP LUMI/thu-vien/SDK_1.0.3_NUCLEO-F401RE/shared/Drivers/STM32F401RE_StdPeriph_Driver/inc" -I"D:/THUC TAP LUMI/thu-vien/SDK_1.0.3_NUCLEO-F401RE/shared/Middle/button" -I"D:/THUC TAP LUMI/thu-vien/SDK_1.0.3_NUCLEO-F401RE/shared/Middle/buzzer" -I"D:/THUC TAP LUMI/thu-vien/SDK_1.0.3_NUCLEO-F401RE/shared/Middle/led" -I"D:/THUC TAP LUMI/thu-vien/SDK_1.0.3_NUCLEO-F401RE/shared/Middle/rtos" -I"D:/THUC TAP LUMI/thu-vien/SDK_1.0.3_NUCLEO-F401RE/shared/Middle/sensor" -I"D:/THUC TAP LUMI/thu-vien/SDK_1.0.3_NUCLEO-F401RE/shared/Middle/serial" -I"D:/THUC TAP LUMI/thu-vien/SDK_1.0.3_NUCLEO-F401RE/shared/Middle/ucglib" -I"D:/THUC TAP LUMI/thu-vien/SDK_1.0.3_NUCLEO-F401RE/shared/Utilities" -I"D:/THUC TAP LUMI/thu-vien/SDK_1.0.3_NUCLEO-F401RE/shared/utils" -O0 -ffunction-sections -fdata-sections -Wall -fstack-usage -MMD -MP -MF"SDK_1.0.3_NUCLEO-F401RE/shared/Middle/buzzer/melody.d" -MT"SDK_1.0.3_NUCLEO-F401RE/shared/Middle/buzzer/melody.o" --specs=nano.specs -mfloat-abi=soft -mthumb -o "SDK_1.0.3_NUCLEO-F401RE/shared/Middle/buzzer/melody.o"
arm-none-eabi-gcc "D:/THUC TAP LUMI/thu-vien/SDK_1.0.3_NUCLEO-F401RE/shared/Middle/button/button.c" -mcpu=cortex-m4 -std=gnu11 -g3 -DDEBUG -DSTM32 -DSTM32F401RETx -DSTM32F4 -c -I../Inc -I"D:/THUC TAP LUMI/thu-vien/SDK_1.0.3_NUCLEO-F401RE/lib_stm" -I"D:/THUC TAP LUMI/thu-vien/SDK_1.0.3_NUCLEO-F401RE/shared/Drivers/CMSIS/Include" -I"D:/THUC TAP LUMI/thu-vien/SDK_1.0.3_NUCLEO-F401RE/shared/Drivers/STM32F401RE_StdPeriph_Driver/inc" -I"D:/THUC TAP LUMI/thu-vien/SDK_1.0.3_NUCLEO-F401RE/shared/Middle/button" -I"D:/THUC TAP LUMI/thu-vien/SDK_1.0.3_NUCLEO-F401RE/shared/Middle/buzzer" -I"D:/THUC TAP LUMI/thu-vien/SDK_1.0.3_NUCLEO-F401RE/shared/Middle/led" -I"D:/THUC TAP LUMI/thu-vien/SDK_1.0.3_NUCLEO-F401RE/shared/Middle/rtos" -I"D:/THUC TAP LUMI/thu-vien/SDK_1.0.3_NUCLEO-F401RE/shared/Middle/sensor" -I"D:/THUC TAP LUMI/thu-vien/SDK_1.0.3_NUCLEO-F401RE/shared/Middle/serial" -I"D:/THUC TAP LUMI/thu-vien/SDK_1.0.3_NUCLEO-F401RE/shared/Middle/ucglib" -I"D:/THUC TAP LUMI/thu-vien/SDK_1.0.3_NUCLEO-F401RE/shared/Utilities" -I"D:/THUC TAP LUMI/thu-vien/SDK_1.0.3_NUCLEO-F401RE/shared/utils" -O0 -ffunction-sections -fdata-sections -Wall -fstack-usage -MMD -MP -MF"SDK_1.0.3_NUCLEO-F401RE/shared/Middle/button/button.d" -MT"SDK_1.0.3_NUCLEO-F401RE/shared/Middle/button/button.o" --specs=nano.specs -mfloat-abi=soft -mthumb -o "SDK_1.0.3_NUCLEO-F401RE/shared/Middle/button/button.o"
arm-none-eabi-gcc "D:/THUC TAP LUMI/thu-vien/SDK_1.0.3_NUCLEO-F401RE/shared/Middle/button/eventbutton.c" -mcpu=cortex-m4 -std=gnu11 -g3 -DDEBUG -DSTM32 -DSTM32F401RETx -DSTM32F4 -c -I../Inc -I"D:/THUC TAP LUMI/thu-vien/SDK_1.0.3_NUCLEO-F401RE/lib_stm" -I"D:/THUC TAP LUMI/thu-vien/SDK_1.0.3_NUCLEO-F401RE/shared/Drivers/CMSIS/Include" -I"D:/THUC TAP LUMI/thu-vien/SDK_1.0.3_NUCLEO-F401RE/shared/Drivers/STM32F401RE_StdPeriph_Driver/inc" -I"D:/THUC TAP LUMI/thu-vien/SDK_1.0.3_NUCLEO-F401RE/shared/Middle/button" -I"D:/THUC TAP LUMI/thu-vien/SDK_1.0.3_NUCLEO-F401RE/shared/Middle/buzzer" -I"D:/THUC TAP LUMI/thu-vien/SDK_1.0.3_NUCLEO-F401RE/shared/Middle/led" -I"D:/THUC TAP LUMI/thu-vien/SDK_1.0.3_NUCLEO-F401RE/shared/Middle/rtos" -I"D:/THUC TAP LUMI/thu-vien/SDK_1.0.3_NUCLEO-F401RE/shared/Middle/sensor" -I"D:/THUC TAP LUMI/thu-vien/SDK_1.0.3_NUCLEO-F401RE/shared/Middle/serial" -I"D:/THUC TAP LUMI/thu-vien/SDK_1.0.3_NUCLEO-F401RE/shared/Middle/ucglib" -I"D:/THUC TAP LUMI/thu-vien/SDK_1.0.3_NUCLEO-F401RE/shared/Utilities" -I"D:/THUC TAP LUMI/thu-vien/SDK_1.0.3_NUCLEO-F401RE/shared/utils" -O0 -ffunction-sections -fdata-sections -Wall -fstack-usage -MMD -MP -MF"SDK_1.0.3_NUCLEO-F401RE/shared/Middle/button/eventbutton.d" -MT"SDK_1.0.3_NUCLEO-F401RE/shared/Middle/button/eventbutton.o" --specs=nano.specs -mfloat-abi=soft -mthumb -o "SDK_1.0.3_NUCLEO-F401RE/shared/Middle/button/eventbutton.o"
arm-none-eabi-gcc "D:/THUC TAP LUMI/thu-vien/SDK_1.0.3_NUCLEO-F401RE/shared/Drivers/STM32F401RE_StdPeriph_Driver/src/misc.c" -mcpu=cortex-m4 -std=gnu11 -g3 -DDEBUG -DSTM32 -DSTM32F401RETx -DSTM32F4 -c -I../Inc -I"D:/THUC TAP LUMI/thu-vien/SDK_1.0.3_NUCLEO-F401RE/lib_stm" -I"D:/THUC TAP LUMI/thu-vien/SDK_1.0.3_NUCLEO-F401RE/shared/Drivers/CMSIS/Include" -I"D:/THUC TAP LUMI/thu-vien/SDK_1.0.3_NUCLEO-F401RE/shared/Drivers/STM32F401RE_StdPeriph_Driver/inc" -I"D:/THUC TAP LUMI/thu-vien/SDK_1.0.3_NUCLEO-F401RE/shared/Middle/button" -I"D:/THUC TAP LUMI/thu-vien/SDK_1.0.3_NUCLEO-F401RE/shared/Middle/buzzer" -I"D:/THUC TAP LUMI/thu-vien/SDK_1.0.3_NUCLEO-F401RE/shared/Middle/led" -I"D:/THUC TAP LUMI/thu-vien/SDK_1.0.3_NUCLEO-F401RE/shared/Middle/rtos" -I"D:/THUC TAP LUMI/thu-vien/SDK_1.0.3_NUCLEO-F401RE/shared/Middle/sensor" -I"D:/THUC TAP LUMI/thu-vien/SDK_1.0.3_NUCLEO-F401RE/shared/Middle/serial" -I"D:/THUC TAP LUMI/thu-vien/SDK_1.0.3_NUCLEO-F401RE/shared/Middle/ucglib" -I"D:/THUC TAP LUMI/thu-vien/SDK_1.0.3_NUCLEO-F401RE/shared/Utilities" -I"D:/THUC TAP LUMI/thu-vien/SDK_1.0.3_NUCLEO-F401RE/shared/utils" -O0 -ffunction-sections -fdata-sections -Wall -fstack-usage -MMD -MP -MF"SDK_1.0.3_NUCLEO-F401RE/shared/Drivers/STM32F401RE_StdPeriph_Driver/src/misc.d" -MT"SDK_1.0.3_NUCLEO-F401RE/shared/Drivers/STM32F401RE_StdPeriph_Driver/src/misc.o" --specs=nano.specs -mfloat-abi=soft -mthumb -o "SDK_1.0.3_NUCLEO-F401RE/shared/Drivers/STM32F401RE_StdPeriph_Driver/src/misc.o"
arm-none-eabi-gcc "D:/THUC TAP LUMI/thu-vien/SDK_1.0.3_NUCLEO-F401RE/shared/Drivers/STM32F401RE_StdPeriph_Driver/src/stm32f401re_adc.c" -mcpu=cortex-m4 -std=gnu11 -g3 -DDEBUG -DSTM32 -DSTM32F401RETx -DSTM32F4 -c -I../Inc -I"D:/THUC TAP LUMI/thu-vien/SDK_1.0.3_NUCLEO-F401RE/lib_stm" -I"D:/THUC TAP LUMI/thu-vien/SDK_1.0.3_NUCLEO-F401RE/shared/Drivers/CMSIS/Include" -I"D:/THUC TAP LUMI/thu-vien/SDK_1.0.3_NUCLEO-F401RE/shared/Drivers/STM32F401RE_StdPeriph_Driver/inc" -I"D:/THUC TAP LUMI/thu-vien/SDK_1.0.3_NUCLEO-F401RE/shared/Middle/button" -I"D:/THUC TAP LUMI/thu-vien/SDK_1.0.3_NUCLEO-F401RE/shared/Middle/buzzer" -I"D:/THUC TAP LUMI/thu-vien/SDK_1.0.3_NUCLEO-F401RE/shared/Middle/led" -I"D:/THUC TAP LUMI/thu-vien/SDK_1.0.3_NUCLEO-F401RE/shared/Middle/rtos" -I"D:/THUC TAP LUMI/thu-vien/SDK_1.0.3_NUCLEO-F401RE/shared/Middle/sensor" -I"D:/THUC TAP LUMI/thu-vien/SDK_1.0.3_NUCLEO-F401RE/shared/Middle/serial" -I"D:/THUC TAP LUMI/thu-vien/SDK_1.0.3_NUCLEO-F401RE/shared/Middle/ucglib" -I"D:/THUC TAP LUMI/thu-vien/SDK_1.0.3_NUCLEO-F401RE/shared/Utilities" -I"D:/THUC TAP LUMI/thu-vien/SDK_1.0.3_NUCLEO-F401RE/shared/utils" -O0 -ffunction-sections -fdata-sections -Wall -fstack-usage -MMD -MP -MF"SDK_1.0.3_NUCLEO-F401RE/shared/Drivers/STM32F401RE_StdPeriph_Driver/src/stm32f401re_adc.d" -MT"SDK_1.0.3_NUCLEO-F401RE/shared/Drivers/STM32F401RE_StdPeriph_Driver/src/stm32f401re_adc.o" --specs=nano.specs -mfloat-abi=soft -mthumb -o "SDK_1.0.3_NUCLEO-F401RE/shared/Drivers/STM32F401RE_StdPeriph_Driver/src/stm32f401re_adc.o"
arm-none-eabi-gcc "D:/THUC TAP LUMI/thu-vien/SDK_1.0.3_NUCLEO-F401RE/shared/Drivers/STM32F401RE_StdPeriph_Driver/src/stm32f401re_dma.c" -mcpu=cortex-m4 -std=gnu11 -g3 -DDEBUG -DSTM32 -DSTM32F401RETx -DSTM32F4 -c -I../Inc -I"D:/THUC TAP LUMI/thu-vien/SDK_1.0.3_NUCLEO-F401RE/lib_stm" -I"D:/THUC TAP LUMI/thu-vien/SDK_1.0.3_NUCLEO-F401RE/shared/Drivers/CMSIS/Include" -I"D:/THUC TAP LUMI/thu-vien/SDK_1.0.3_NUCLEO-F401RE/shared/Drivers/STM32F401RE_StdPeriph_Driver/inc" -I"D:/THUC TAP LUMI/thu-vien/SDK_1.0.3_NUCLEO-F401RE/shared/Middle/button" -I"D:/THUC TAP LUMI/thu-vien/SDK_1.0.3_NUCLEO-F401RE/shared/Middle/buzzer" -I"D:/THUC TAP LUMI/thu-vien/SDK_1.0.3_NUCLEO-F401RE/shared/Middle/led" -I"D:/THUC TAP LUMI/thu-vien/SDK_1.0.3_NUCLEO-F401RE/shared/Middle/rtos" -I"D:/THUC TAP LUMI/thu-vien/SDK_1.0.3_NUCLEO-F401RE/shared/Middle/sensor" -I"D:/THUC TAP LUMI/thu-vien/SDK_1.0.3_NUCLEO-F401RE/shared/Middle/serial" -I"D:/THUC TAP LUMI/thu-vien/SDK_1.0.3_NUCLEO-F401RE/shared/Middle/ucglib" -I"D:/THUC TAP LUMI/thu-vien/SDK_1.0.3_NUCLEO-F401RE/shared/Utilities" -I"D:/THUC TAP LUMI/thu-vien/SDK_1.0.3_NUCLEO-F401RE/shared/utils" -O0 -ffunction-sections -fdata-sections -Wall -fstack-usage -MMD -MP -MF"SDK_1.0.3_NUCLEO-F401RE/shared/Drivers/STM32F401RE_StdPeriph_Driver/src/stm32f401re_dma.d" -MT"SDK_1.0.3_NUCLEO-F401RE/shared/Drivers/STM32F401RE_StdPeriph_Driver/src/stm32f401re_dma.o" --specs=nano.specs -mfloat-abi=soft -mthumb -o "SDK_1.0.3_NUCLEO-F401RE/shared/Drivers/STM32F401RE_StdPeriph_Driver/src/stm32f401re_dma.o"
arm-none-eabi-gcc "D:/THUC TAP LUMI/thu-vien/SDK_1.0.3_NUCLEO-F401RE/shared/Drivers/STM32F401RE_StdPeriph_Driver/src/stm32f401re_exti.c" -mcpu=cortex-m4 -std=gnu11 -g3 -DDEBUG -DSTM32 -DSTM32F401RETx -DSTM32F4 -c -I../Inc -I"D:/THUC TAP LUMI/thu-vien/SDK_1.0.3_NUCLEO-F401RE/lib_stm" -I"D:/THUC TAP LUMI/thu-vien/SDK_1.0.3_NUCLEO-F401RE/shared/Drivers/CMSIS/Include" -I"D:/THUC TAP LUMI/thu-vien/SDK_1.0.3_NUCLEO-F401RE/shared/Drivers/STM32F401RE_StdPeriph_Driver/inc" -I"D:/THUC TAP LUMI/thu-vien/SDK_1.0.3_NUCLEO-F401RE/shared/Middle/button" -I"D:/THUC TAP LUMI/thu-vien/SDK_1.0.3_NUCLEO-F401RE/shared/Middle/buzzer" -I"D:/THUC TAP LUMI/thu-vien/SDK_1.0.3_NUCLEO-F401RE/shared/Middle/led" -I"D:/THUC TAP LUMI/thu-vien/SDK_1.0.3_NUCLEO-F401RE/shared/Middle/rtos" -I"D:/THUC TAP LUMI/thu-vien/SDK_1.0.3_NUCLEO-F401RE/shared/Middle/sensor" -I"D:/THUC TAP LUMI/thu-vien/SDK_1.0.3_NUCLEO-F401RE/shared/Middle/serial" -I"D:/THUC TAP LUMI/thu-vien/SDK_1.0.3_NUCLEO-F401RE/shared/Middle/ucglib" -I"D:/THUC TAP LUMI/thu-vien/SDK_1.0.3_NUCLEO-F401RE/shared/Utilities" -I"D:/THUC TAP LUMI/thu-vien/SDK_1.0.3_NUCLEO-F401RE/shared/utils" -O0 -ffunction-sections -fdata-sections -Wall -fstack-usage -MMD -MP -MF"SDK_1.0.3_NUCLEO-F401RE/shared/Drivers/STM32F401RE_StdPeriph_Driver/src/stm32f401re_exti.d" -MT"SDK_1.0.3_NUCLEO-F401RE/shared/Drivers/STM32F401RE_StdPeriph_Driver/src/stm32f401re_exti.o" --specs=nano.specs -mfloat-abi=soft -mthumb -o "SDK_1.0.3_NUCLEO-F401RE/shared/Drivers/STM32F401RE_StdPeriph_Driver/src/stm32f401re_exti.o"
arm-none-eabi-gcc "D:/THUC TAP LUMI/thu-vien/SDK_1.0.3_NUCLEO-F401RE/shared/Drivers/STM32F401RE_StdPeriph_Driver/src/stm32f401re_gpio.c" -mcpu=cortex-m4 -std=gnu11 -g3 -DDEBUG -DSTM32 -DSTM32F401RETx -DSTM32F4 -c -I../Inc -I"D:/THUC TAP LUMI/thu-vien/SDK_1.0.3_NUCLEO-F401RE/lib_stm" -I"D:/THUC TAP LUMI/thu-vien/SDK_1.0.3_NUCLEO-F401RE/shared/Drivers/CMSIS/Include" -I"D:/THUC TAP LUMI/thu-vien/SDK_1.0.3_NUCLEO-F401RE/shared/Drivers/STM32F401RE_StdPeriph_Driver/inc" -I"D:/THUC TAP LUMI/thu-vien/SDK_1.0.3_NUCLEO-F401RE/shared/Middle/button" -I"D:/THUC TAP LUMI/thu-vien/SDK_1.0.3_NUCLEO-F401RE/shared/Middle/buzzer" -I"D:/THUC TAP LUMI/thu-vien/SDK_1.0.3_NUCLEO-F401RE/shared/Middle/led" -I"D:/THUC TAP LUMI/thu-vien/SDK_1.0.3_NUCLEO-F401RE/shared/Middle/rtos" -I"D:/THUC TAP LUMI/thu-vien/SDK_1.0.3_NUCLEO-F401RE/shared/Middle/sensor" -I"D:/THUC TAP LUMI/thu-vien/SDK_1.0.3_NUCLEO-F401RE/shared/Middle/serial" -I"D:/THUC TAP LUMI/thu-vien/SDK_1.0.3_NUCLEO-F401RE/shared/Middle/ucglib" -I"D:/THUC TAP LUMI/thu-vien/SDK_1.0.3_NUCLEO-F401RE/shared/Utilities" -I"D:/THUC TAP LUMI/thu-vien/SDK_1.0.3_NUCLEO-F401RE/shared/utils" -O0 -ffunction-sections -fdata-sections -Wall -fstack-usage -MMD -MP -MF"SDK_1.0.3_NUCLEO-F401RE/shared/Drivers/STM32F401RE_StdPeriph_Driver/src/stm32f401re_gpio.d" -MT"SDK_1.0.3_NUCLEO-F401RE/shared/Drivers/STM32F401RE_StdPeriph_Driver/src/stm32f401re_gpio.o" --specs=nano.specs -mfloat-abi=soft -mthumb -o "SDK_1.0.3_NUCLEO-F401RE/shared/Drivers/STM32F401RE_StdPeriph_Driver/src/stm32f401re_gpio.o"
arm-none-eabi-gcc "D:/THUC TAP LUMI/thu-vien/SDK_1.0.3_NUCLEO-F401RE/shared/Drivers/STM32F401RE_StdPeriph_Driver/src/stm32f401re_i2c.c" -mcpu=cortex-m4 -std=gnu11 -g3 -DDEBUG -DSTM32 -DSTM32F401RETx -DSTM32F4 -c -I../Inc -I"D:/THUC TAP LUMI/thu-vien/SDK_1.0.3_NUCLEO-F401RE/lib_stm" -I"D:/THUC TAP LUMI/thu-vien/SDK_1.0.3_NUCLEO-F401RE/shared/Drivers/CMSIS/Include" -I"D:/THUC TAP LUMI/thu-vien/SDK_1.0.3_NUCLEO-F401RE/shared/Drivers/STM32F401RE_StdPeriph_Driver/inc" -I"D:/THUC TAP LUMI/thu-vien/SDK_1.0.3_NUCLEO-F401RE/shared/Middle/button" -I"D:/THUC TAP LUMI/thu-vien/SDK_1.0.3_NUCLEO-F401RE/shared/Middle/buzzer" -I"D:/THUC TAP LUMI/thu-vien/SDK_1.0.3_NUCLEO-F401RE/shared/Middle/led" -I"D:/THUC TAP LUMI/thu-vien/SDK_1.0.3_NUCLEO-F401RE/shared/Middle/rtos" -I"D:/THUC TAP LUMI/thu-vien/SDK_1.0.3_NUCLEO-F401RE/shared/Middle/sensor" -I"D:/THUC TAP LUMI/thu-vien/SDK_1.0.3_NUCLEO-F401RE/shared/Middle/serial" -I"D:/THUC TAP LUMI/thu-vien/SDK_1.0.3_NUCLEO-F401RE/shared/Middle/ucglib" -I"D:/THUC TAP LUMI/thu-vien/SDK_1.0.3_NUCLEO-F401RE/shared/Utilities" -I"D:/THUC TAP LUMI/thu-vien/SDK_1.0.3_NUCLEO-F401RE/shared/utils" -O0 -ffunction-sections -fdata-sections -Wall -fstack-usage -MMD -MP -MF"SDK_1.0.3_NUCLEO-F401RE/shared/Drivers/STM32F401RE_StdPeriph_Driver/src/stm32f401re_i2c.d" -MT"SDK_1.0.3_NUCLEO-F401RE/shared/Drivers/STM32F401RE_StdPeriph_Driver/src/stm32f401re_i2c.o" --specs=nano.specs -mfloat-abi=soft -mthumb -o "SDK_1.0.3_NUCLEO-F401RE/shared/Drivers/STM32F401RE_StdPeriph_Driver/src/stm32f401re_i2c.o"
arm-none-eabi-gcc "D:/THUC TAP LUMI/thu-vien/SDK_1.0.3_NUCLEO-F401RE/shared/Drivers/STM32F401RE_StdPeriph_Driver/src/stm32f401re_rcc.c" -mcpu=cortex-m4 -std=gnu11 -g3 -DDEBUG -DSTM32 -DSTM32F401RETx -DSTM32F4 -c -I../Inc -I"D:/THUC TAP LUMI/thu-vien/SDK_1.0.3_NUCLEO-F401RE/lib_stm" -I"D:/THUC TAP LUMI/thu-vien/SDK_1.0.3_NUCLEO-F401RE/shared/Drivers/CMSIS/Include" -I"D:/THUC TAP LUMI/thu-vien/SDK_1.0.3_NUCLEO-F401RE/shared/Drivers/STM32F401RE_StdPeriph_Driver/inc" -I"D:/THUC TAP LUMI/thu-vien/SDK_1.0.3_NUCLEO-F401RE/shared/Middle/button" -I"D:/THUC TAP LUMI/thu-vien/SDK_1.0.3_NUCLEO-F401RE/shared/Middle/buzzer" -I"D:/THUC TAP LUMI/thu-vien/SDK_1.0.3_NUCLEO-F401RE/shared/Middle/led" -I"D:/THUC TAP LUMI/thu-vien/SDK_1.0.3_NUCLEO-F401RE/shared/Middle/rtos" -I"D:/THUC TAP LUMI/thu-vien/SDK_1.0.3_NUCLEO-F401RE/shared/Middle/sensor" -I"D:/THUC TAP LUMI/thu-vien/SDK_1.0.3_NUCLEO-F401RE/shared/Middle/serial" -I"D:/THUC TAP LUMI/thu-vien/SDK_1.0.3_NUCLEO-F401RE/shared/Middle/ucglib" -I"D:/THUC TAP LUMI/thu-vien/SDK_1.0.3_NUCLEO-F401RE/shared/Utilities" -I"D:/THUC TAP LUMI/thu-vien/SDK_1.0.3_NUCLEO-F401RE/shared/utils" -O0 -ffunction-sections -fdata-sections -Wall -fstack-usage -MMD -MP -MF"SDK_1.0.3_NUCLEO-F401RE/shared/Drivers/STM32F401RE_StdPeriph_Driver/src/stm32f401re_rcc.d" -MT"SDK_1.0.3_NUCLEO-F401RE/shared/Drivers/STM32F401RE_StdPeriph_Driver/src/stm32f401re_rcc.o" --specs=nano.specs -mfloat-abi=soft -mthumb -o "SDK_1.0.3_NUCLEO-F401RE/shared/Drivers/STM32F401RE_StdPeriph_Driver/src/stm32f401re_rcc.o"
arm-none-eabi-gcc "D:/THUC TAP LUMI/thu-vien/SDK_1.0.3_NUCLEO-F401RE/shared/Drivers/STM32F401RE_StdPeriph_Driver/src/stm32f401re_spi.c" -mcpu=cortex-m4 -std=gnu11 -g3 -DDEBUG -DSTM32 -DSTM32F401RETx -DSTM32F4 -c -I../Inc -I"D:/THUC TAP LUMI/thu-vien/SDK_1.0.3_NUCLEO-F401RE/lib_stm" -I"D:/THUC TAP LUMI/thu-vien/SDK_1.0.3_NUCLEO-F401RE/shared/Drivers/CMSIS/Include" -I"D:/THUC TAP LUMI/thu-vien/SDK_1.0.3_NUCLEO-F401RE/shared/Drivers/STM32F401RE_StdPeriph_Driver/inc" -I"D:/THUC TAP LUMI/thu-vien/SDK_1.0.3_NUCLEO-F401RE/shared/Middle/button" -I"D:/THUC TAP LUMI/thu-vien/SDK_1.0.3_NUCLEO-F401RE/shared/Middle/buzzer" -I"D:/THUC TAP LUMI/thu-vien/SDK_1.0.3_NUCLEO-F401RE/shared/Middle/led" -I"D:/THUC TAP LUMI/thu-vien/SDK_1.0.3_NUCLEO-F401RE/shared/Middle/rtos" -I"D:/THUC TAP LUMI/thu-vien/SDK_1.0.3_NUCLEO-F401RE/shared/Middle/sensor" -I"D:/THUC TAP LUMI/thu-vien/SDK_1.0.3_NUCLEO-F401RE/shared/Middle/serial" -I"D:/THUC TAP LUMI/thu-vien/SDK_1.0.3_NUCLEO-F401RE/shared/Middle/ucglib" -I"D:/THUC TAP LUMI/thu-vien/SDK_1.0.3_NUCLEO-F401RE/shared/Utilities" -I"D:/THUC TAP LUMI/thu-vien/SDK_1.0.3_NUCLEO-F401RE/shared/utils" -O0 -ffunction-sections -fdata-sections -Wall -fstack-usage -MMD -MP -MF"SDK_1.0.3_NUCLEO-F401RE/shared/Drivers/STM32F401RE_StdPeriph_Driver/src/stm32f401re_spi.d" -MT"SDK_1.0.3_NUCLEO-F401RE/shared/Drivers/STM32F401RE_StdPeriph_Driver/src/stm32f401re_spi.o" --specs=nano.specs -mfloat-abi=soft -mthumb -o "SDK_1.0.3_NUCLEO-F401RE/shared/Drivers/STM32F401RE_StdPeriph_Driver/src/stm32f401re_spi.o"
arm-none-eabi-gcc "D:/THUC TAP LUMI/thu-vien/SDK_1.0.3_NUCLEO-F401RE/shared/Drivers/STM32F401RE_StdPeriph_Driver/src/stm32f401re_syscfg.c" -mcpu=cortex-m4 -std=gnu11 -g3 -DDEBUG -DSTM32 -DSTM32F401RETx -DSTM32F4 -c -I../Inc -I"D:/THUC TAP LUMI/thu-vien/SDK_1.0.3_NUCLEO-F401RE/lib_stm" -I"D:/THUC TAP LUMI/thu-vien/SDK_1.0.3_NUCLEO-F401RE/shared/Drivers/CMSIS/Include" -I"D:/THUC TAP LUMI/thu-vien/SDK_1.0.3_NUCLEO-F401RE/shared/Drivers/STM32F401RE_StdPeriph_Driver/inc" -I"D:/THUC TAP LUMI/thu-vien/SDK_1.0.3_NUCLEO-F401RE/shared/Middle/button" -I"D:/THUC TAP LUMI/thu-vien/SDK_1.0.3_NUCLEO-F401RE/shared/Middle/buzzer" -I"D:/THUC TAP LUMI/thu-vien/SDK_1.0.3_NUCLEO-F401RE/shared/Middle/led" -I"D:/THUC TAP LUMI/thu-vien/SDK_1.0.3_NUCLEO-F401RE/shared/Middle/rtos" -I"D:/THUC TAP LUMI/thu-vien/SDK_1.0.3_NUCLEO-F401RE/shared/Middle/sensor" -I"D:/THUC TAP LUMI/thu-vien/SDK_1.0.3_NUCLEO-F401RE/shared/Middle/serial" -I"D:/THUC TAP LUMI/thu-vien/SDK_1.0.3_NUCLEO-F401RE/shared/Middle/ucglib" -I"D:/THUC TAP LUMI/thu-vien/SDK_1.0.3_NUCLEO-F401RE/shared/Utilities" -I"D:/THUC TAP LUMI/thu-vien/SDK_1.0.3_NUCLEO-F401RE/shared/utils" -O0 -ffunction-sections -fdata-sections -Wall -fstack-usage -MMD -MP -MF"SDK_1.0.3_NUCLEO-F401RE/shared/Drivers/STM32F401RE_StdPeriph_Driver/src/stm32f401re_syscfg.d" -MT"SDK_1.0.3_NUCLEO-F401RE/shared/Drivers/STM32F401RE_StdPeriph_Driver/src/stm32f401re_syscfg.o" --specs=nano.specs -mfloat-abi=soft -mthumb -o "SDK_1.0.3_NUCLEO-F401RE/shared/Drivers/STM32F401RE_StdPeriph_Driver/src/stm32f401re_syscfg.o"
arm-none-eabi-gcc "D:/THUC TAP LUMI/thu-vien/SDK_1.0.3_NUCLEO-F401RE/shared/Drivers/STM32F401RE_StdPeriph_Driver/src/stm32f401re_tim.c" -mcpu=cortex-m4 -std=gnu11 -g3 -DDEBUG -DSTM32 -DSTM32F401RETx -DSTM32F4 -c -I../Inc -I"D:/THUC TAP LUMI/thu-vien/SDK_1.0.3_NUCLEO-F401RE/lib_stm" -I"D:/THUC TAP LUMI/thu-vien/SDK_1.0.3_NUCLEO-F401RE/shared/Drivers/CMSIS/Include" -I"D:/THUC TAP LUMI/thu-vien/SDK_1.0.3_NUCLEO-F401RE/shared/Drivers/STM32F401RE_StdPeriph_Driver/inc" -I"D:/THUC TAP LUMI/thu-vien/SDK_1.0.3_NUCLEO-F401RE/shared/Middle/button" -I"D:/THUC TAP LUMI/thu-vien/SDK_1.0.3_NUCLEO-F401RE/shared/Middle/buzzer" -I"D:/THUC TAP LUMI/thu-vien/SDK_1.0.3_NUCLEO-F401RE/shared/Middle/led" -I"D:/THUC TAP LUMI/thu-vien/SDK_1.0.3_NUCLEO-F401RE/shared/Middle/rtos" -I"D:/THUC TAP LUMI/thu-vien/SDK_1.0.3_NUCLEO-F401RE/shared/Middle/sensor" -I"D:/THUC TAP LUMI/thu-vien/SDK_1.0.3_NUCLEO-F401RE/shared/Middle/serial" -I"D:/THUC TAP LUMI/thu-vien/SDK_1.0.3_NUCLEO-F401RE/shared/Middle/ucglib" -I"D:/THUC TAP LUMI/thu-vien/SDK_1.0.3_NUCLEO-F401RE/shared/Utilities" -I"D:/THUC TAP LUMI/thu-vien/SDK_1.0.3_NUCLEO-F401RE/shared/utils" -O0 -ffunction-sections -fdata-sections -Wall -fstack-usage -MMD -MP -MF"SDK_1.0.3_NUCLEO-F401RE/shared/Drivers/STM32F401RE_StdPeriph_Driver/src/stm32f401re_tim.d" -MT"SDK_1.0.3_NUCLEO-F401RE/shared/Drivers/STM32F401RE_StdPeriph_Driver/src/stm32f401re_tim.o" --specs=nano.specs -mfloat-abi=soft -mthumb -o "SDK_1.0.3_NUCLEO-F401RE/shared/Drivers/STM32F401RE_StdPeriph_Driver/src/stm32f401re_tim.o"
arm-none-eabi-gcc "D:/THUC TAP LUMI/thu-vien/SDK_1.0.3_NUCLEO-F401RE/shared/Drivers/STM32F401RE_StdPeriph_Driver/src/stm32f401re_usart.c" -mcpu=cortex-m4 -std=gnu11 -g3 -DDEBUG -DSTM32 -DSTM32F401RETx -DSTM32F4 -c -I../Inc -I"D:/THUC TAP LUMI/thu-vien/SDK_1.0.3_NUCLEO-F401RE/lib_stm" -I"D:/THUC TAP LUMI/thu-vien/SDK_1.0.3_NUCLEO-F401RE/shared/Drivers/CMSIS/Include" -I"D:/THUC TAP LUMI/thu-vien/SDK_1.0.3_NUCLEO-F401RE/shared/Drivers/STM32F401RE_StdPeriph_Driver/inc" -I"D:/THUC TAP LUMI/thu-vien/SDK_1.0.3_NUCLEO-F401RE/shared/Middle/button" -I"D:/THUC TAP LUMI/thu-vien/SDK_1.0.3_NUCLEO-F401RE/shared/Middle/buzzer" -I"D:/THUC TAP LUMI/thu-vien/SDK_1.0.3_NUCLEO-F401RE/shared/Middle/led" -I"D:/THUC TAP LUMI/thu-vien/SDK_1.0.3_NUCLEO-F401RE/shared/Middle/rtos" -I"D:/THUC TAP LUMI/thu-vien/SDK_1.0.3_NUCLEO-F401RE/shared/Middle/sensor" -I"D:/THUC TAP LUMI/thu-vien/SDK_1.0.3_NUCLEO-F401RE/shared/Middle/serial" -I"D:/THUC TAP LUMI/thu-vien/SDK_1.0.3_NUCLEO-F401RE/shared/Middle/ucglib" -I"D:/THUC TAP LUMI/thu-vien/SDK_1.0.3_NUCLEO-F401RE/shared/Utilities" -I"D:/THUC TAP LUMI/thu-vien/SDK_1.0.3_NUCLEO-F401RE/shared/utils" -O0 -ffunction-sections -fdata-sections -Wall -fstack-usage -MMD -MP -MF"SDK_1.0.3_NUCLEO-F401RE/shared/Drivers/STM32F401RE_StdPeriph_Driver/src/stm32f401re_usart.d" -MT"SDK_1.0.3_NUCLEO-F401RE/shared/Drivers/STM32F401RE_StdPeriph_Driver/src/stm32f401re_usart.o" --specs=nano.specs -mfloat-abi=soft -mthumb -o "SDK_1.0.3_NUCLEO-F401RE/shared/Drivers/STM32F401RE_StdPeriph_Driver/src/stm32f401re_usart.o"
arm-none-eabi-gcc "D:/THUC TAP LUMI/thu-vien/SDK_1.0.3_NUCLEO-F401RE/shared/Drivers/CMSIS/Source/system_stm32f4xx.c" -mcpu=cortex-m4 -std=gnu11 -g3 -DDEBUG -DSTM32 -DSTM32F401RETx -DSTM32F4 -c -I../Inc -I"D:/THUC TAP LUMI/thu-vien/SDK_1.0.3_NUCLEO-F401RE/lib_stm" -I"D:/THUC TAP LUMI/thu-vien/SDK_1.0.3_NUCLEO-F401RE/shared/Drivers/CMSIS/Include" -I"D:/THUC TAP LUMI/thu-vien/SDK_1.0.3_NUCLEO-F401RE/shared/Drivers/STM32F401RE_StdPeriph_Driver/inc" -I"D:/THUC TAP LUMI/thu-vien/SDK_1.0.3_NUCLEO-F401RE/shared/Middle/button" -I"D:/THUC TAP LUMI/thu-vien/SDK_1.0.3_NUCLEO-F401RE/shared/Middle/buzzer" -I"D:/THUC TAP LUMI/thu-vien/SDK_1.0.3_NUCLEO-F401RE/shared/Middle/led" -I"D:/THUC TAP LUMI/thu-vien/SDK_1.0.3_NUCLEO-F401RE/shared/Middle/rtos" -I"D:/THUC TAP LUMI/thu-vien/SDK_1.0.3_NUCLEO-F401RE/shared/Middle/sensor" -I"D:/THUC TAP LUMI/thu-vien/SDK_1.0.3_NUCLEO-F401RE/shared/Middle/serial" -I"D:/THUC TAP LUMI/thu-vien/SDK_1.0.3_NUCLEO-F401RE/shared/Middle/ucglib" -I"D:/THUC TAP LUMI/thu-vien/SDK_1.0.3_NUCLEO-F401RE/shared/Utilities" -I"D:/THUC TAP LUMI/thu-vien/SDK_1.0.3_NUCLEO-F401RE/shared/utils" -O0 -ffunction-sections -fdata-sections -Wall -fstack-usage -MMD -MP -MF"SDK_1.0.3_NUCLEO-F401RE/shared/Drivers/CMSIS/Source/system_stm32f4xx.d" -MT"SDK_1.0.3_NUCLEO-F401RE/shared/Drivers/CMSIS/Source/system_stm32f4xx.o" --specs=nano.specs -mfloat-abi=soft -mthumb -o "SDK_1.0.3_NUCLEO-F401RE/shared/Drivers/CMSIS/Source/system_stm32f4xx.o"
arm-none-eabi-gcc -o "bai-2.elf" @"objects.list"  -lLibraries -mcpu=cortex-m4 -T"D:\Dev\workspace\target\Lab3\bai-2\STM32F401RETX_FLASH.ld" --specs=nosys.specs -Wl,-Map="bai-2.map" -Wl,--gc-sections -static -L"D:\THUC TAP LUMI\thu-vien\SDK_1.0.3_NUCLEO-F401RE\lib_stm" --specs=nano.specs -mfloat-abi=soft -mthumb -Wl,--start-group -lc -lm -Wl,--end-group
Finished building target: bai-2.elf
 
arm-none-eabi-size   bai-2.elf 
arm-none-eabi-objdump -h -S  bai-2.elf  > "bai-2.list"
arm-none-eabi-objcopy  -O binary  bai-2.elf  "bai-2.bin"
   text	   data	    bss	    dec	    hex	filename
   3108	     32	   1576	   4716	   126c	bai-2.elf
Finished building: default.size.stdout
 
Finished building: bai-2.bin
Finished building: bai-2.list
 
 

08:49:45 Build Finished. 0 errors, 0 warnings. (took 11s.551ms)

