11:13:25 **** Incremental Build of configuration Debug for project bai-1 ****
make -j4 all 
arm-none-eabi-gcc "../Src/main.c" -mcpu=cortex-m4 -std=gnu11 -g3 -DDEBUG -DSTM32 -DSTM32F401RETx -DSTM32F4 -c -I../Inc -I"D:/THUC TAP LUMI/thu-vien/SDK_1.0.3_NUCLEO-F401RE/shared/Drivers/CMSIS/Include" -I"D:/THUC TAP LUMI/thu-vien/SDK_1.0.3_NUCLEO-F401RE/shared/Drivers/STM32F401RE_StdPeriph_Driver/inc" -I"D:/THUC TAP LUMI/thu-vien/SDK_1.0.3_NUCLEO-F401RE/shared/Middle/button" -I"D:/THUC TAP LUMI/thu-vien/SDK_1.0.3_NUCLEO-F401RE/shared/Middle/buzzer" -I"D:/THUC TAP LUMI/thu-vien/SDK_1.0.3_NUCLEO-F401RE/shared/Middle/led" -I"D:/THUC TAP LUMI/thu-vien/SDK_1.0.3_NUCLEO-F401RE/shared/Middle/rtos" -I"D:/THUC TAP LUMI/thu-vien/SDK_1.0.3_NUCLEO-F401RE/shared/Middle/sensor" -I"D:/THUC TAP LUMI/thu-vien/SDK_1.0.3_NUCLEO-F401RE/shared/Middle/serial" -I"D:/THUC TAP LUMI/thu-vien/SDK_1.0.3_NUCLEO-F401RE/shared/Middle/ucglib" -I"D:/THUC TAP LUMI/thu-vien/SDK_1.0.3_NUCLEO-F401RE/shared/Utilities" -I"D:/THUC TAP LUMI/thu-vien/SDK_1.0.3_NUCLEO-F401RE/shared/utils" -O0 -ffunction-sections -fdata-sections -Wall -fstack-usage -MMD -MP -MF"Src/main.d" -MT"Src/main.o" --specs=nano.specs -mfloat-abi=soft -mthumb -o "Src/main.o"
arm-none-eabi-gcc -o "bai-1.elf" @"objects.list"  -lLibraries -mcpu=cortex-m4 -T"D:\Dev\workspace\target\Lab8\bai-1\STM32F401RETX_FLASH.ld" --specs=nosys.specs -Wl,-Map="bai-1.map" -Wl,--gc-sections -static -L"D:\THUC TAP LUMI\thu-vien\SDK_1.0.3_NUCLEO-F401RE\lib_stm" --specs=nano.specs -mfloat-abi=soft -mthumb -Wl,--start-group -lc -lm -Wl,--end-group
Finished building target: bai-1.elf
 
arm-none-eabi-size   bai-1.elf 
arm-none-eabi-objdump -h -S  bai-1.elf  > "bai-1.list"
arm-none-eabi-objcopy  -O binary  bai-1.elf  "bai-1.bin"
   text	   data	    bss	    dec	    hex	filename
   3296	     44	   1580	   4920	   1338	bai-1.elf
Finished building: default.size.stdout
 
Finished building: bai-1.bin
Finished building: bai-1.list
 
 
