13:30:55 **** Incremental Build of configuration Debug for project Lab2 ****
make -j4 all 
arm-none-eabi-size   Lab2.elf 
   text	   data	    bss	    dec	    hex	filename
   2172	      8	   1576	   3756	    eac	Lab2.elf
Finished building: default.size.stdout
 
13:32:10 **** Incremental Build of configuration Debug for project Lab2 ****
make -j4 all 
arm-none-eabi-size   Lab2.elf 
   text	   data	    bss	    dec	    hex	filename
   2172	      8	   1576	   3756	    eac	Lab2.elf
Finished building: default.size.stdout
 
13:43:26 **** Incremental Build of configuration Debug for project Lab2 ****
make -j4 all 
arm-none-eabi-size   Lab2.elf 
   text	   data	    bss	    dec	    hex	filename
   2172	      8	   1576	   3756	    eac	Lab2.elf
Finished building: default.size.stdout
 
13:51:37 **** Incremental Build of configuration Debug for project Lab2 ****
make -j4 all 
arm-none-eabi-size   Lab2.elf 
   text	   data	    bss	    dec	    hex	filename
   2172	      8	   1576	   3756	    eac	Lab2.elf
Finished building: default.size.stdout
 
13:52:45 **** Incremental Build of configuration Debug for project Lab2 ****
make -j4 all 
arm-none-eabi-size   Lab2.elf 
   text	   data	    bss	    dec	    hex	filename
   2172	      8	   1576	   3756	    eac	Lab2.elf
Finished building: default.size.stdout
 
13:59:00 **** Incremental Build of configuration Debug for project Lab2 ****
make -j4 all 
arm-none-eabi-size   Lab2.elf 
   text	   data	    bss	    dec	    hex	filename
   2172	      8	   1576	   3756	    eac	Lab2.elf
Finished building: default.size.stdout
 
